3000  C3 7D 30    JMP 307DH
3003  4D          MOV C,L
3004  2A 0C ED    LHLD 0ED0CH
3007  EB          XCHG
3008  CD 8F EB    CALL 0EB8FH
300B  2A 0C ED    LHLD 0ED0CH
300E  3E 00       MVI A,00H
3010  41          MOV B,C
3011  C3 21 F8    JMP 0F821H
3014  C5          PUSH B
3015  E1          POP H
3016  4E          MOV C,M
3017  06 15       MVI B,15H
3019  CD 44 F8    CALL 0F844H
301C  16 04       MVI D,04H
301E  23          INX H
301F  4E          MOV C,M
3020  06 16       MVI B,16H
3022  CD 44 F8    CALL 0F844H
3025  15          DCR D
3026  C2 1E 30    JNZ 301EH
3029  C9          RET
302A  28          DB 28
302B  43          MOV B,E
302C  29          DAD H
302D  20          DB 20
302E  31 39 37    LXI SP,3739H
3031  35          DCR M
3032  2C          INR L
3033  31 39 37    LXI SP,3739H
3036  36 2C       MVI M,2CH
3038  31 39 37    LXI SP,3739H
303B  37          STC
303C  2C          INR L
303D  31 39 37    LXI SP,3739H
3040  38          DB 38
3041  2C          INR L
3042  31 39 37    LXI SP,3739H
3045  39          DAD SP
3046  2C          INR L
3047  31 39 38    LXI SP,3839H
304A  30          DB 30
304B  2C          INR L
304C  31 39 38    LXI SP,3839H
304F  31 2C 31    LXI SP,312CH
3052  39          DAD SP
3053  38          DB 38
3054  32 20 49    STA 4920H
3057  4E          MOV C,M
3058  54          MOV D,H
3059  45          MOV B,L
305A  4C          MOV C,H
305B  20          DB 20
305C  43          MOV B,E
305D  4F          MOV C,A
305E  52          MOV D,D
305F  50          MOV D,B
3060  00          NOP
3061  10          DB 10
3062  20          DB 20
3063  30          DB 30
3064  01 02 20    LXI B,2002H
3067  40          MOV B,B
3068  00          NOP
3069  30          DB 30
306A  00          NOP
306B  30          DB 30
306C  01 02 01    LXI B,0102H
306F  02          STAX B
3070  40          MOV B,B
3071  00          NOP
3072  50          MOV D,B
3073  10          DB 10
3074  01 01 02    LXI B,0201H
3077  02          STAX B
3078  00          NOP
3079  00          NOP
307A  31 F3 3A    LXI SP,3AF3H
307D  31 F3 3A    LXI SP,3AF3H
3080  DB 79       IN 79H
3082  32 6D 3B    STA 3B6DH
3085  DB 7B       IN 7BH
3087  32 6D 3B    STA 3B6DH
308A  FB          EI
308B  3A FF FF    LDA 0FFFFH
308E  FE 00       CPI 00H
3090  C2 9F 30    JNZ 309FH
3093  DB FF       IN 0FFH
3095  E6 02       ANI 02H
3097  FE 00       CPI 00H
3099  CA 9F 30    JZ 309FH
309C  C3 93 30    JMP 3093H
309F  CD 0D 32    CALL 320DH
30A2  CD 44 35    CALL 3544H
30A5  2A 72 3B    LHLD 3B72H
30A8  44          MOV B,H
30A9  4D          MOV C,L
30AA  CD 9D 38    CALL 389DH
30AD  22 6B 3B    SHLD 3B6BH
30B0  CD 84 35    CALL 3584H
30B3  01 FD 3C    LXI B,3CFDH
30B6  C5          PUSH B
30B7  11 67 3B    LXI D,3B67H
30BA  CD 1A 3A    CALL 3A1AH
30BD  01 00 00    LXI B,0000H
30C0  C5          PUSH B
30C1  01 F3 3A    LXI B,3AF3H
30C4  C5          PUSH B
30C5  11 67 3B    LXI D,3B67H
30C8  01 13 00    LXI B,0013H
30CB  CD 49 3A    CALL 3A49H
30CE  CD 34 3A    CALL 3A34H
30D1  FB          EI
30D2  76          HLT
30D3  21 B6 3B    LXI H,3BB6H
30D6  72          MOV M,D
30D7  2B          DCX H
30D8  73          MOV M,E
30D9  2B          DCX H
30DA  71          MOV M,C
30DB  2B          DCX H
30DC  D1          POP D
30DD  C1          POP B
30DE  70          MOV M,B
30DF  2B          DCX H
30E0  71          MOV M,C
30E1  D5          PUSH D
30E2  21 BB 3B    LXI H,3BBBH
30E5  36 01       MVI M,01H
30E7  3E 04       MVI A,04H
30E9  21 BB 3B    LXI H,3BBBH
30EC  BE          CMP M
30ED  DA 42 31    JC 3142H
30F0  21 BC 3B    LXI H,3BBCH
30F3  36 30       MVI M,30H
30F5  2A B2 3B    LHLD 3BB2H
30F8  EB          XCHG
30F9  2A B4 3B    LHLD 3BB4H
30FC  26 00       MVI H,00H
30FE  CD 75 3A    CALL 3A75H
3101  EB          XCHG
3102  22 B7 3B    SHLD 3BB7H
3105  EB          XCHG
3106  CD 96 3A    CALL 3A96H
3109  11 B2 3B    LXI D,3BB2H
310C  CD B5 3A    CALL 3AB5H
310F  22 B9 3B    SHLD 3BB9H
3112  3E 09       MVI A,09H
3114  CD A8 3A    CALL 3AA8H
3117  D2 1F 31    JNC 311FH
311A  21 BC 3B    LXI H,3BBCH
311D  36 37       MVI M,37H
311F  3A BC 3B    LDA 3BBCH
3122  11 B9 3B    LXI D,3BB9H
3125  CD 68 3A    CALL 3A68H
3128  EB          XCHG
3129  3E 04       MVI A,04H
312B  23          INX H
312C  96          SUB M
312D  4F          MOV C,A
312E  06 00       MVI B,00H
3130  2A B5 3B    LHLD 3BB5H
3133  09          DAD B
3134  73          MOV M,E
3135  2A B7 3B    LHLD 3BB7H
3138  22 B2 3B    SHLD 3BB2H
313B  21 BB 3B    LXI H,3BBBH
313E  34          INR M
313F  C2 E7 30    JNZ 30E7H
3142  21 BB 3B    LXI H,3BBBH
3145  36 00       MVI M,00H
3147  3E 02       MVI A,02H
3149  21 BB 3B    LXI H,3BBBH
314C  BE          CMP M
314D  DA 77 31    JC 3177H
3150  2A BB 3B    LHLD 3BBBH
3153  26 00       MVI H,00H
3155  EB          XCHG
3156  2A B5 3B    LHLD 3BB5H
3159  19          DAD D
315A  7E          MOV A,M
315B  FE 30       CPI 30H
315D  C2 6F 31    JNZ 316FH
3160  2A BB 3B    LHLD 3BBBH
3163  26 00       MVI H,00H
3165  EB          XCHG
3166  2A B5 3B    LHLD 3BB5H
3169  19          DAD D
316A  36 20       MVI M,20H
316C  C3 70 31    JMP 3170H
316F  C9          RET
3170  21 BB 3B    LXI H,3BBBH
3173  34          INR M
3174  C2 47 31    JNZ 3147H
3177  C9          RET
3178  21 BD 3B    LXI H,3BBDH
317B  71          MOV M,C
317C  2A BD 3B    LHLD 3BBDH
317F  26 00       MVI H,00H
3181  E5          PUSH H
3182  11 0F 3B    LXI D,3B0FH
3185  0E 0A       MVI C,0AH
3187  CD D3 30    CALL 30D3H
318A  2A 69 3B    LHLD 3B69H
318D  4E          MOV C,M
318E  23          INX H
318F  46          MOV B,M
3190  C5          PUSH B
3191  11 1C 3B    LXI D,3B1CH
3194  0E 10       MVI C,10H
3196  CD D3 30    CALL 30D3H
3199  CD 15 F8    CALL 0F815H
319C  E6 FC       ANI 0FCH
319E  2A 06 3B    LHLD 3B06H
31A1  F5          PUSH PSW
31A2  3E 03       MVI A,03H
31A4  A6          ANA M
31A5  C1          POP B
31A6  48          MOV C,B
31A7  B1          ORA C
31A8  4F          MOV C,A
31A9  CD 18 F8    CALL 0F818H
31AC  21 BF 3B    LXI H,3BBFH
31AF  36 19       MVI M,19H
31B1  3A BD 3B    LDA 3BBDH
31B4  FE 18       CPI 18H
31B6  C2 E1 31    JNZ 31E1H
31B9  2A 70 3B    LHLD 3B70H
31BC  7C          MOV A,H
31BD  FE 00       CPI 00H
31BF  CA C8 31    JZ 31C8H
31C2  21 80 00    LXI H,0080H
31C5  22 70 3B    SHLD 3B70H
31C8  21 BF 3B    LXI H,3BBFH
31CB  36 2F       MVI M,2FH
31CD  2A 70 3B    LHLD 3B70H
31D0  E5          PUSH H
31D1  11 29 3B    LXI D,3B29H
31D4  0E 10       MVI C,10H
31D6  CD D3 30    CALL 30D3H
31D9  3A 32 3B    LDA 3B32H
31DC  F6 30       ORI 30H
31DE  32 32 3B    STA 3B32H
31E1  21 BE 3B    LXI H,3BBEH
31E4  36 00       MVI M,00H
31E6  3A BF 3B    LDA 3BBFH
31E9  21 BE 3B    LXI H,3BBEH
31EC  BE          CMP M
31ED  DA 04 32    JC 3204H
31F0  2A BE 3B    LHLD 3BBEH
31F3  26 00       MVI H,00H
31F5  01 08 3B    LXI B,3B08H
31F8  09          DAD B
31F9  4E          MOV C,M
31FA  CD 09 F8    CALL 0F809H
31FD  21 BE 3B    LXI H,3BBEH
3200  34          INR M
3201  C2 E6 31    JNZ 31E6H
3204  21 0C 32    LXI H,320CH
3207  E5          PUSH H
3208  2A 78 30    LHLD 3078H
320B  E9          PCHL
320C  C9          RET
320D  21 71 2D    LXI H,2D71H
3210  36 30       MVI M,30H
3212  21 C0 3B    LXI H,3BC0H
3215  36 00       MVI M,00H
3217  3E 3B       MVI A,3BH
3219  21 C0 3B    LXI H,3BC0H
321C  BE          CMP M
321D  DA 32 32    JC 3232H
3220  2A C0 3B    LHLD 3BC0H
3223  26 00       MVI H,00H
3225  01 76 3B    LXI B,3B76H
3228  09          DAD B
3229  36 00       MVI M,00H
322B  21 C0 3B    LXI H,3BC0H
322E  34          INR M
322F  C2 17 32    JNZ 3217H
3232  DB 78       IN 78H
3234  32 75 3B    STA 3B75H
3237  E6 08       ANI 08H
3239  FE 00       CPI 00H
323B  CA 81 32    JZ 3281H
323E  3A 75 3B    LDA 3B75H
3241  E6 10       ANI 10H
3243  FE 00       CPI 00H
3245  CA 66 32    JZ 3266H
3248  0E 00       MVI C,00H
324A  C5          PUSH B
324B  0E 03       MVI C,03H
324D  C5          PUSH B
324E  0E 01       MVI C,01H
3250  C5          PUSH B
3251  0E 01       MVI C,01H
3253  C5          PUSH B
3254  0E 4C       MVI C,4CH
3256  C5          PUSH B
3257  0E 34       MVI C,34H
3259  C5          PUSH B
325A  11 64 30    LXI D,3064H
325D  01 60 30    LXI B,3060H
3260  CD 20 34    CALL 3420H
3263  C3 81 32    JMP 3281H
3266  0E 00       MVI C,00H
3268  C5          PUSH B
3269  0E 01       MVI C,01H
326B  C5          PUSH B
326C  0E 01       MVI C,01H
326E  C5          PUSH B
326F  0E 02       MVI C,02H
3271  C5          PUSH B
3272  0E 4C       MVI C,4CH
3274  C5          PUSH B
3275  0E 1A       MVI C,1AH
3277  C5          PUSH B
3278  11 6C 30    LXI D,306CH
327B  01 68 30    LXI B,3068H
327E  CD 20 34    CALL 3420H
3281  DB 88       IN 88H
3283  32 75 3B    STA 3B75H
3286  E6 08       ANI 08H
3288  FE 00       CPI 00H
328A  CA EA 32    JZ 32EAH
328D  3A 75 3B    LDA 3B75H
3290  E6 10       ANI 10H
3292  FE 00       CPI 00H
3294  CA A2 32    JZ 32A2H
3297  21 56 3B    LXI H,3B56H
329A  36 38       MVI M,38H
329C  CD 19 35    CALL 3519H
329F  C3 EA 32    JMP 32EAH
32A2  3A 78 3B    LDA 3B78H
32A5  D6 00       SUI 00H
32A7  D6 01       SUI 01H
32A9  9F          SBB A
32AA  F5          PUSH PSW
32AB  3A 79 3B    LDA 3B79H
32AE  D6 00       SUI 00H
32B0  D6 01       SUI 01H
32B2  9F          SBB A
32B3  C1          POP B
32B4  48          MOV C,B
32B5  A1          ANA C
32B6  1F          RAR
32B7  D2 C2 32    JNC 32C2H
32BA  21 C0 3B    LXI H,3BC0H
32BD  36 00       MVI M,00H
32BF  C3 C7 32    JMP 32C7H
32C2  21 C0 3B    LXI H,3BC0H
32C5  36 02       MVI M,02H
32C7  3A C0 3B    LDA 3BC0H
32CA  3C          INR A
32CB  3C          INR A
32CC  4F          MOV C,A
32CD  C5          PUSH B
32CE  3A C0 3B    LDA 3BC0H
32D1  C6 03       ADI 03H
32D3  4F          MOV C,A
32D4  C5          PUSH B
32D5  0E 02       MVI C,02H
32D7  C5          PUSH B
32D8  0E 02       MVI C,02H
32DA  C5          PUSH B
32DB  0E 4C       MVI C,4CH
32DD  C5          PUSH B
32DE  0E 1A       MVI C,1AH
32E0  C5          PUSH B
32E1  11 6C 30    LXI D,306CH
32E4  01 68 30    LXI B,3068H
32E7  CD 20 34    CALL 3420H
32EA  3A FF FF    LDA 0FFFFH
32ED  FE 01       CPI 01H
32EF  C2 86 33    JNZ 3386H
32F2  3E 0D       MVI A,0DH
32F4  D3 FF       OUT 0FFH
32F6  21 C0 3B    LXI H,3BC0H
32F9  36 19       MVI M,19H
32FB  DB C1       IN 0C1H
32FD  E6 07       ANI 07H
32FF  D6 00       SUI 00H
3301  C6 FF       ADI 0FFH
3303  9F          SBB A
3304  F5          PUSH PSW
3305  3A C0 3B    LDA 3BC0H
3308  3D          DCR A
3309  32 C0 3B    STA 3BC0H
330C  D6 00       SUI 00H
330E  C6 FF       ADI 0FFH
3310  9F          SBB A
3311  C1          POP B
3312  48          MOV C,B
3313  A1          ANA C
3314  1F          RAR
3315  D2 1B 33    JNC 331BH
3318  C3 FB 32    JMP 32FBH
331B  3A C0 3B    LDA 3BC0H
331E  FE 00       CPI 00H
3320  C2 28 33    JNZ 3328H
3323  3E 05       MVI A,05H
3325  D3 FF       OUT 0FFH
3327  C9          RET
3328  3E 1C       MVI A,1CH
332A  D3 C1       OUT 0C1H
332C  21 C0 3B    LXI H,3BC0H
332F  36 FA       MVI M,0FAH
3331  DB C1       IN 0C1H
3333  E6 07       ANI 07H
3335  D6 01       SUI 01H
3337  C6 FF       ADI 0FFH
3339  9F          SBB A
333A  F5          PUSH PSW
333B  3A C0 3B    LDA 3BC0H
333E  3D          DCR A
333F  32 C0 3B    STA 3BC0H
3342  D6 00       SUI 00H
3344  C6 FF       ADI 0FFH
3346  9F          SBB A
3347  C1          POP B
3348  48          MOV C,B
3349  A1          ANA C
334A  1F          RAR
334B  D2 51 33    JNC 3351H
334E  C3 31 33    JMP 3331H
3351  3A C0 3B    LDA 3BC0H
3354  FE 00       CPI 00H
3356  C2 5E 33    JNZ 335EH
3359  3E 05       MVI A,05H
335B  D3 FF       OUT 0FFH
335D  C9          RET
335E  DB C0       IN 0C0H
3360  32 75 3B    STA 3B75H
3363  3E 05       MVI A,05H
3365  D3 FF       OUT 0FFH
3367  3A 75 3B    LDA 3B75H
336A  E6 08       ANI 08H
336C  FE 00       CPI 00H
336E  CA 86 33    JZ 3386H
3371  3A 76 3B    LDA 3B76H
3374  FE 00       CPI 00H
3376  C2 81 33    JNZ 3381H
3379  0E 00       MVI C,00H
337B  CD D2 34    CALL 34D2H
337E  C3 86 33    JMP 3386H
3381  0E 04       MVI C,04H
3383  CD D2 34    CALL 34D2H
3386  3E 00       MVI A,00H
3388  D3 6F       OUT 6FH
338A  21 C0 3B    LXI H,3BC0H
338D  36 01       MVI M,01H
338F  3E 50       MVI A,50H
3391  21 C0 3B    LXI H,3BC0H
3394  BE          CMP M
3395  DA 9F 33    JC 339FH
3398  21 C0 3B    LXI H,3BC0H
339B  34          INR M
339C  C2 8F 33    JNZ 338FH
339F  DB 68       IN 68H
33A1  32 75 3B    STA 3B75H
33A4  E6 08       ANI 08H
33A6  FE 00       CPI 00H
33A8  CA 1F 34    JZ 341FH
33AB  3A 75 3B    LDA 3B75H
33AE  E6 80       ANI 80H
33B0  FE 00       CPI 00H
33B2  CA 1F 34    JZ 341FH
33B5  DB 69       IN 69H
33B7  E6 03       ANI 03H
33B9  FE 01       CPI 01H
33BB  CA C9 33    JZ 33C9H
33BE  21 56 3B    LXI H,3B56H
33C1  36 36       MVI M,36H
33C3  CD 19 35    CALL 3519H
33C6  C3 1F 34    JMP 341FH
33C9  21 C0 3B    LXI H,3BC0H
33CC  36 38       MVI M,38H
33CE  3A C0 3B    LDA 3BC0H
33D1  FE 00       CPI 00H
33D3  CA F5 33    JZ 33F5H
33D6  3A C0 3B    LDA 3BC0H
33D9  3D          DCR A
33DA  4F          MOV C,A
33DB  06 00       MVI B,00H
33DD  21 76 3B    LXI H,3B76H
33E0  09          DAD B
33E1  E5          PUSH H
33E2  2A C0 3B    LHLD 3BC0H
33E5  26 00       MVI H,00H
33E7  01 79 3B    LXI B,3B79H
33EA  09          DAD B
33EB  D1          POP D
33EC  1A          LDAX D
33ED  77          MOV M,A
33EE  21 C0 3B    LXI H,3BC0H
33F1  35          DCR M
33F2  C3 CE 33    JMP 33CEH
33F5  0E 00       MVI C,00H
33F7  C5          PUSH B
33F8  0E 03       MVI C,03H
33FA  C5          PUSH B
33FB  0E 04       MVI C,04H
33FD  C5          PUSH B
33FE  0E 04       MVI C,04H
3400  C5          PUSH B
3401  0E C7       MVI C,0C7H
3403  C5          PUSH B
3404  0E 90       MVI C,90H
3406  C5          PUSH B
3407  11 74 30    LXI D,3074H
340A  01 70 30    LXI B,3070H
340D  CD 20 34    CALL 3420H
3410  3A 75 3B    LDA 3B75H
3413  E6 01       ANI 01H
3415  FE 00       CPI 00H
3417  C2 1F 34    JNZ 341FH
341A  21 71 2D    LXI H,2D71H
341D  36 34       MVI M,34H
341F  C9          RET
3420  21 CD 3B    LXI H,3BCDH
3423  72          MOV M,D
3424  2B          DCX H
3425  73          MOV M,E
3426  2B          DCX H
3427  70          MOV M,B
3428  2B          DCX H
3429  71          MOV M,C
342A  2B          DCX H
342B  D1          POP D
342C  C1          POP B
342D  71          MOV M,C
342E  2B          DCX H
342F  C1          POP B
3430  71          MOV M,C
3431  2B          DCX H
3432  C1          POP B
3433  71          MOV M,C
3434  2B          DCX H
3435  C1          POP B
3436  71          MOV M,C
3437  2B          DCX H
3438  C1          POP B
3439  71          MOV M,C
343A  2B          DCX H
343B  C1          POP B
343C  71          MOV M,C
343D  D5          PUSH D
343E  21 CE 3B    LXI H,3BCEH
3441  36 00       MVI M,00H
3443  3A C4 3B    LDA 3BC4H
3446  FE 04       CPI 04H
3448  C2 50 34    JNZ 3450H
344B  21 CE 3B    LXI H,3BCEH
344E  36 FC       MVI M,0FCH
3450  3A C4 3B    LDA 3BC4H
3453  32 C4 3B    STA 3BC4H
3456  3A C5 3B    LDA 3BC5H
3459  21 C4 3B    LXI H,3BC4H
345C  BE          CMP M
345D  DA D1 34    JC 34D1H
3460  2A C4 3B    LHLD 3BC4H
3463  26 00       MVI H,00H
3465  01 76 3B    LXI B,3B76H
3468  09          DAD B
3469  3A C7 3B    LDA 3BC7H
346C  77          MOV M,A
346D  2A C4 3B    LHLD 3BC4H
3470  26 00       MVI H,00H
3472  01 80 3B    LXI B,3B80H
3475  09          DAD B
3476  3A C6 3B    LDA 3BC6H
3479  77          MOV M,A
347A  3A CE 3B    LDA 3BCEH
347D  21 C4 3B    LXI H,3BC4H
3480  86          ADD M
3481  4F          MOV C,A
3482  06 00       MVI B,00H
3484  2A CA 3B    LHLD 3BCAH
3487  09          DAD B
3488  E5          PUSH H
3489  2A C4 3B    LHLD 3BC4H
348C  26 00       MVI H,00H
348E  01 8A 3B    LXI B,3B8AH
3491  09          DAD B
3492  D1          POP D
3493  1A          LDAX D
3494  77          MOV M,A
3495  3A CE 3B    LDA 3BCEH
3498  21 C4 3B    LXI H,3BC4H
349B  86          ADD M
349C  4F          MOV C,A
349D  06 00       MVI B,00H
349F  2A CC 3B    LHLD 3BCCH
34A2  09          DAD B
34A3  E5          PUSH H
34A4  2A C4 3B    LHLD 3BC4H
34A7  26 00       MVI H,00H
34A9  01 94 3B    LXI B,3B94H
34AC  09          DAD B
34AD  D1          POP D
34AE  1A          LDAX D
34AF  77          MOV M,A
34B0  2A C4 3B    LHLD 3BC4H
34B3  26 00       MVI H,00H
34B5  01 9E 3B    LXI B,3B9EH
34B8  09          DAD B
34B9  3A C8 3B    LDA 3BC8H
34BC  77          MOV M,A
34BD  2A C4 3B    LHLD 3BC4H
34C0  26 00       MVI H,00H
34C2  01 A8 3B    LXI B,3BA8H
34C5  09          DAD B
34C6  3A C9 3B    LDA 3BC9H
34C9  77          MOV M,A
34CA  21 C4 3B    LXI H,3BC4H
34CD  34          INR M
34CE  C2 56 34    JNZ 3456H
34D1  C9          RET
34D2  21 CF 3B    LXI H,3BCFH
34D5  71          MOV M,C
34D6  2A CF 3B    LHLD 3BCFH
34D9  26 00       MVI H,00H
34DB  01 76 3B    LXI B,3B76H
34DE  09          DAD B
34DF  36 03       MVI M,03H
34E1  2A CF 3B    LHLD 3BCFH
34E4  26 00       MVI H,00H
34E6  01 80 3B    LXI B,3B80H
34E9  09          DAD B
34EA  36 03       MVI M,03H
34EC  2A CF 3B    LHLD 3BCFH
34EF  26 00       MVI H,00H
34F1  01 8A 3B    LXI B,3B8AH
34F4  09          DAD B
34F5  36 00       MVI M,00H
34F7  2A CF 3B    LHLD 3BCFH
34FA  26 00       MVI H,00H
34FC  01 94 3B    LXI B,3B94H
34FF  09          DAD B
3500  36 01       MVI M,01H
3502  2A CF 3B    LHLD 3BCFH
3505  26 00       MVI H,00H
3507  01 9E 3B    LXI B,3B9EH
350A  09          DAD B
350B  36 4C       MVI M,4CH
350D  2A CF 3B    LHLD 3BCFH
3510  26 00       MVI H,00H
3512  01 A8 3B    LXI B,3BA8H
3515  09          DAD B
3516  36 1A       MVI M,1AH
3518  C9          RET
3519  21 C0 3B    LXI H,3BC0H
351C  36 00       MVI M,00H
351E  3E 23       MVI A,23H
3520  21 C0 3B    LXI H,3BC0H
3523  BE          CMP M
3524  DA 3B 35    JC 353BH
3527  2A C0 3B    LHLD 3BC0H
352A  26 00       MVI H,00H
352C  01 38 3B    LXI B,3B38H
352F  09          DAD B
3530  4E          MOV C,M
3531  CD 09 F8    CALL 0F809H
3534  21 C0 3B    LXI H,3BC0H
3537  34          INR M
3538  C2 1E 35    JNZ 351EH
353B  21 43 35    LXI H,3543H
353E  E5          PUSH H
353F  2A 78 30    LHLD 3078H
3542  E9          PCHL
3543  C9          RET
3544  3A 71 2D    LDA 2D71H
3547  32 75 3B    STA 3B75H
354A  E6 0F       ANI 0FH
354C  4F          MOV C,A
354D  06 00       MVI B,00H
354F  21 76 3B    LXI H,3B76H
3552  09          DAD B
3553  7E          MOV A,M
3554  FE 01       CPI 01H
3556  C2 62 35    JNZ 3562H
3559  21 06 02    LXI H,0206H
355C  22 72 3B    SHLD 3B72H
355F  C3 83 35    JMP 3583H
3562  3A 71 2D    LDA 2D71H
3565  E6 0F       ANI 0FH
3567  4F          MOV C,A
3568  06 00       MVI B,00H
356A  21 76 3B    LXI H,3B76H
356D  09          DAD B
356E  7E          MOV A,M
356F  FE 04       CPI 04H
3571  C2 7D 35    JNZ 357DH
3574  21 1F 02    LXI H,021FH
3577  22 72 3B    SHLD 3B72H
357A  C3 83 35    JMP 3583H
357D  21 04 02    LXI H,0204H
3580  22 72 3B    SHLD 3B72H
3583  C9          RET
3584  3A 75 3B    LDA 3B75H
3587  32 71 2D    STA 2D71H
358A  21 74 3B    LXI H,3B74H
358D  36 00       MVI M,00H
358F  3E 09       MVI A,09H
3591  21 74 3B    LXI H,3B74H
3594  BE          CMP M
3595  DA 23 36    JC 3623H
3598  2A 74 3B    LHLD 3B74H
359B  26 00       MVI H,00H
359D  01 76 3B    LXI B,3B76H
35A0  09          DAD B
35A1  E5          PUSH H
35A2  2A 74 3B    LHLD 3B74H
35A5  26 00       MVI H,00H
35A7  01 A0 07    LXI B,07A0H
35AA  09          DAD B
35AB  D1          POP D
35AC  1A          LDAX D
35AD  77          MOV M,A
35AE  2A 74 3B    LHLD 3B74H
35B1  26 00       MVI H,00H
35B3  01 80 3B    LXI B,3B80H
35B6  09          DAD B
35B7  E5          PUSH H
35B8  2A 74 3B    LHLD 3B74H
35BB  26 00       MVI H,00H
35BD  01 BE 07    LXI B,07BEH
35C0  09          DAD B
35C1  D1          POP D
35C2  1A          LDAX D
35C3  77          MOV M,A
35C4  2A 74 3B    LHLD 3B74H
35C7  26 00       MVI H,00H
35C9  01 8A 3B    LXI B,3B8AH
35CC  09          DAD B
35CD  E5          PUSH H
35CE  2A 74 3B    LHLD 3B74H
35D1  26 00       MVI H,00H
35D3  01 B4 07    LXI B,07B4H
35D6  09          DAD B
35D7  D1          POP D
35D8  1A          LDAX D
35D9  77          MOV M,A
35DA  2A 74 3B    LHLD 3B74H
35DD  26 00       MVI H,00H
35DF  01 94 3B    LXI B,3B94H
35E2  09          DAD B
35E3  E5          PUSH H
35E4  2A 74 3B    LHLD 3B74H
35E7  26 00       MVI H,00H
35E9  01 AA 07    LXI B,07AAH
35EC  09          DAD B
35ED  D1          POP D
35EE  1A          LDAX D
35EF  77          MOV M,A
35F0  2A 74 3B    LHLD 3B74H
35F3  26 00       MVI H,00H
35F5  01 9E 3B    LXI B,3B9EH
35F8  09          DAD B
35F9  E5          PUSH H
35FA  2A 74 3B    LHLD 3B74H
35FD  26 00       MVI H,00H
35FF  01 1F 2E    LXI B,2E1FH
3602  09          DAD B
3603  D1          POP D
3604  1A          LDAX D
3605  77          MOV M,A
3606  2A 74 3B    LHLD 3B74H
3609  26 00       MVI H,00H
360B  01 A8 3B    LXI B,3BA8H
360E  09          DAD B
360F  E5          PUSH H
3610  2A 74 3B    LHLD 3B74H
3613  26 00       MVI H,00H
3615  01 29 2E    LXI B,2E29H
3618  09          DAD B
3619  D1          POP D
361A  1A          LDAX D
361B  77          MOV M,A
361C  21 74 3B    LXI H,3B74H
361F  34          INR M
3620  C2 8F 35    JNZ 358FH
3623  3A 76 3B    LDA 3B76H
3626  FE 04       CPI 04H
3628  C2 59 36    JNZ 3659H
362B  21 74 3B    LXI H,3B74H
362E  36 00       MVI M,00H
3630  3E 03       MVI A,03H
3632  21 74 3B    LXI H,3B74H
3635  BE          CMP M
3636  DA 59 36    JC 3659H
3639  11 1C 00    LXI D,001CH
363C  2A 74 3B    LHLD 3B74H
363F  26 00       MVI H,00H
3641  CD 94 3A    CALL 3A94H
3644  01 F0 2A    LXI B,2AF0H
3647  09          DAD B
3648  01 11 00    LXI B,0011H
364B  09          DAD B
364C  3E 7C       MVI A,7CH
364E  77          MOV M,A
364F  23          INX H
3650  36 00       MVI M,00H
3652  21 74 3B    LXI H,3B74H
3655  34          INR M
3656  C2 30 36    JNZ 3630H
3659  C9          RET
365A  21 D2 3B    LXI H,3BD2H
365D  72          MOV M,D
365E  2B          DCX H
365F  73          MOV M,E
3660  2B          DCX H
3661  71          MOV M,C
3662  DB FC       IN 0FCH
3664  32 D7 3B    STA 3BD7H
3667  F6 02       ORI 02H
3669  D3 FC       OUT 0FCH
366B  2A D0 3B    LHLD 3BD0H
366E  26 00       MVI H,00H
3670  01 76 3B    LXI B,3B76H
3673  09          DAD B
3674  7E          MOV A,M
3675  32 D5 3B    STA 3BD5H
3678  21 D6 3B    LXI H,3BD6H
367B  36 00       MVI M,00H
367D  3E 0A       MVI A,0AH
367F  21 D6 3B    LXI H,3BD6H
3682  BE          CMP M
3683  DA DA 36    JC 36DAH
3686  CD EC 36    CALL 36ECH
3689  E6 04       ANI 04H
368B  FE 00       CPI 00H
368D  CA 9F 36    JZ 369FH
3690  CD 09 37    CALL 3709H
3693  32 D4 3B    STA 3BD4H
3696  CD 23 37    CALL 3723H
3699  32 D4 3B    STA 3BD4H
369C  C3 86 36    JMP 3686H
369F  CD EC 36    CALL 36ECH
36A2  E6 01       ANI 01H
36A4  FE 00       CPI 00H
36A6  C2 AE 36    JNZ 36AEH
36A9  0E 1E       MVI C,1EH
36AB  CD 78 31    CALL 3178H
36AE  2A D1 3B    LHLD 3BD1H
36B1  44          MOV B,H
36B2  4D          MOV C,L
36B3  CD 40 37    CALL 3740H
36B6  CD 09 37    CALL 3709H
36B9  32 D4 3B    STA 3BD4H
36BC  CD 23 37    CALL 3723H
36BF  32 D3 3B    STA 3BD3H
36C2  FE 00       CPI 00H
36C4  C2 CD 36    JNZ 36CDH
36C7  3A D7 3B    LDA 3BD7H
36CA  D3 FC       OUT 0FCH
36CC  C9          RET
36CD  01 62 3B    LXI B,3B62H
36D0  CD 40 37    CALL 3740H
36D3  21 D6 3B    LXI H,3BD6H
36D6  34          INR M
36D7  C2 7D 36    JNZ 367DH
36DA  3A D0 3B    LDA 3BD0H
36DD  32 32 3B    STA 3B32H
36E0  2A D3 3B    LHLD 3BD3H
36E3  22 70 3B    SHLD 3B70H
36E6  0E 18       MVI C,18H
36E8  CD 78 31    CALL 3178H
36EB  C9          RET
36EC  3A D5 3B    LDA 3BD5H
36EF  FE 03       CPI 03H
36F1  C2 FA 36    JNZ 36FAH
36F4  0E 1C       MVI C,1CH
36F6  CD 10 30    CALL 3010H
36F9  C9          RET
36FA  3A D5 3B    LDA 3BD5H
36FD  FE 04       CPI 04H
36FF  C2 05 37    JNZ 3705H
3702  DB 68       IN 68H
3704  C9          RET
3705  DB 78       IN 78H
3707  C9          RET
3708  C9          RET
3709  3A D5 3B    LDA 3BD5H
370C  FE 03       CPI 03H
370E  C2 14 37    JNZ 3714H
3711  3E 00       MVI A,00H
3713  C9          RET
3714  3A D5 3B    LDA 3BD5H
3717  FE 04       CPI 04H
3719  C2 1F 37    JNZ 371FH
371C  DB 69       IN 69H
371E  C9          RET
371F  DB 79       IN 79H
3721  C9          RET
3722  C9          RET
3723  3A D5 3B    LDA 3BD5H
3726  FE 03       CPI 03H
3728  C2 31 37    JNZ 3731H
372B  0E 1B       MVI C,1BH
372D  CD 10 30    CALL 3010H
3730  C9          RET
3731  3A D5 3B    LDA 3BD5H
3734  FE 04       CPI 04H
3736  C2 3C 37    JNZ 373CH
3739  DB 6B       IN 6BH
373B  C9          RET
373C  DB 7B       IN 7BH
373E  C9          RET
373F  C9          RET
3740  21 DB 3B    LXI H,3BDBH
3743  70          MOV M,B
3744  2B          DCX H
3745  71          MOV M,C
3746  3A D5 3B    LDA 3BD5H
3749  FE 03       CPI 03H
374B  C2 C4 37    JNZ 37C4H
374E  2A DA 3B    LHLD 3BDAH
3751  44          MOV B,H
3752  4D          MOV C,L
3753  CD 14 30    CALL 3014H
3756  CD EC 36    CALL 36ECH
3759  E6 04       ANI 04H
375B  FE 00       CPI 00H
375D  C2 63 37    JNZ 3763H
3760  C3 56 37    JMP 3756H
3763  2A DA 3B    LHLD 3BDAH
3766  23          INX H
3767  7E          MOV A,M
3768  FE 04       CPI 04H
376A  C2 C1 37    JNZ 37C1H
376D  01 05 00    LXI B,0005H
3770  2A DA 3B    LHLD 3BDAH
3773  09          DAD B
3774  5E          MOV E,M
3775  23          INX H
3776  56          MOV D,M
3777  EB          XCHG
3778  22 D8 3B    SHLD 3BD8H
377B  3E 0D       MVI A,0DH
377D  D3 FF       OUT 0FFH
377F  DB C1       IN 0C1H
3781  E6 07       ANI 07H
3783  FE 00       CPI 00H
3785  CA 8B 37    JZ 378BH
3788  C3 7F 37    JMP 377FH
378B  3E 19       MVI A,19H
378D  D3 C1       OUT 0C1H
378F  21 D6 3B    LXI H,3BD6H
3792  36 00       MVI M,00H
3794  3E 7F       MVI A,7FH
3796  21 D6 3B    LXI H,3BD6H
3799  BE          CMP M
379A  DA BD 37    JC 37BDH
379D  DB C1       IN 0C1H
379F  E6 07       ANI 07H
37A1  FE 01       CPI 01H
37A3  CA A9 37    JZ 37A9H
37A6  C3 9D 37    JMP 379DH
37A9  DB C0       IN 0C0H
37AB  2A D6 3B    LHLD 3BD6H
37AE  26 00       MVI H,00H
37B0  EB          XCHG
37B1  2A D8 3B    LHLD 3BD8H
37B4  19          DAD D
37B5  77          MOV M,A
37B6  21 D6 3B    LXI H,3BD6H
37B9  34          INR M
37BA  C2 94 37    JNZ 3794H
37BD  3E 05       MVI A,05H
37BF  D3 FF       OUT 0FFH
37C1  C3 6C 38    JMP 386CH
37C4  3A D5 3B    LDA 3BD5H
37C7  FE 04       CPI 04H
37C9  C2 56 38    JNZ 3856H
37CC  01 03 00    LXI B,0003H
37CF  2A DA 3B    LHLD 3BDAH
37D2  09          DAD B
37D3  4E          MOV C,M
37D4  06 00       MVI B,00H
37D6  60          MOV H,B
37D7  69          MOV L,C
37D8  29          DAD H
37D9  22 DC 3B    SHLD 3BDCH
37DC  01 04 00    LXI B,0004H
37DF  2A DA 3B    LHLD 3BDAH
37E2  09          DAD B
37E3  3E 48       MVI A,48H
37E5  BE          CMP M
37E6  D2 FB 37    JNC 37FBH
37E9  2A DC 3B    LHLD 3BDCH
37EC  23          INX H
37ED  22 DC 3B    SHLD 3BDCH
37F0  01 04 00    LXI B,0004H
37F3  2A DA 3B    LHLD 3BDAH
37F6  09          DAD B
37F7  7E          MOV A,M
37F8  D6 48       SUI 48H
37FA  77          MOV M,A
37FB  01 04 00    LXI B,0004H
37FE  2A DA 3B    LHLD 3BDAH
3801  09          DAD B
3802  7E          MOV A,M
3803  FE 25       CPI 25H
3805  D2 13 38    JNC 3813H
3808  2A DA 3B    LHLD 3BDAH
380B  23          INX H
380C  3E 08       MVI A,08H
380E  B6          ORA M
380F  77          MOV M,A
3810  C3 1E 38    JMP 381EH
3813  01 04 00    LXI B,0004H
3816  2A DA 3B    LHLD 3BDAH
3819  09          DAD B
381A  7E          MOV A,M
381B  D6 24       SUI 24H
381D  77          MOV M,A
381E  3E FF       MVI A,0FFH
3820  21 DC 3B    LXI H,3BDCH
3823  CD BD 3A    CALL 3ABDH
3826  D2 34 38    JNC 3834H
3829  01 04 00    LXI B,0004H
382C  2A DA 3B    LHLD 3BDAH
382F  09          DAD B
3830  3E 80       MVI A,80H
3832  86          ADD M
3833  77          MOV M,A
3834  01 03 00    LXI B,0003H
3837  2A DA 3B    LHLD 3BDAH
383A  09          DAD B
383B  E5          PUSH H
383C  2A DC 3B    LHLD 3BDCH
383F  EB          XCHG
3840  E1          POP H
3841  73          MOV M,E
3842  2A DA 3B    LHLD 3BDAH
3845  23          INX H
3846  3E 40       MVI A,40H
3848  B6          ORA M
3849  77          MOV M,A
384A  2A DA 3B    LHLD 3BDAH
384D  7D          MOV A,L
384E  D3 69       OUT 69H
3850  7C          MOV A,H
3851  D3 6A       OUT 6AH
3853  C3 5F 38    JMP 385FH
3856  2A DA 3B    LHLD 3BDAH
3859  7D          MOV A,L
385A  D3 79       OUT 79H
385C  7C          MOV A,H
385D  D3 7A       OUT 7AH
385F  CD EC 36    CALL 36ECH
3862  E6 04       ANI 04H
3864  FE 00       CPI 00H
3866  C2 6C 38    JNZ 386CH
3869  C3 5F 38    JMP 385FH
386C  C9          RET
386D  21 E2 3B    LXI H,3BE2H
3870  72          MOV M,D
3871  2B          DCX H
3872  73          MOV M,E
3873  2B          DCX H
3874  70          MOV M,B
3875  2B          DCX H
3876  71          MOV M,C
3877  2B          DCX H
3878  D1          POP D
3879  C1          POP B
387A  71          MOV M,C
387B  D5          PUSH D
387C  21 5C 3B    LXI H,3B5CH
387F  36 04       MVI M,04H
3881  2A DF 3B    LHLD 3BDFH
3884  7C          MOV A,H
3885  32 5E 3B    STA 3B5EH
3888  7D          MOV A,L
3889  32 5F 3B    STA 3B5FH
388C  2A E1 3B    LHLD 3BE1H
388F  22 60 3B    SHLD 3B60H
3892  2A DE 3B    LHLD 3BDEH
3895  4D          MOV C,L
3896  11 5B 3B    LXI D,3B5BH
3899  CD 5A 36    CALL 365AH
389C  C9          RET
389D  21 E4 3B    LXI H,3BE4H
38A0  70          MOV M,B
38A1  2B          DCX H
38A2  71          MOV M,C
38A3  2A E3 3B    LHLD 3BE3H
38A6  22 68 3C    SHLD 3C68H
38A9  21 E6 3C    LXI H,3CE6H
38AC  36 3F       MVI M,3FH
38AE  21 65 3C    LXI H,3C65H
38B1  36 00       MVI M,00H
38B3  CD 04 3A    CALL 3A04H
38B6  22 E9 3C    SHLD 3CE9H
38B9  CD 04 3A    CALL 3A04H
38BC  22 E7 3C    SHLD 3CE7H
38BF  3E 00       MVI A,00H
38C1  11 E9 3C    LXI D,3CE9H
38C4  CD B2 3A    CALL 3AB2H
38C7  B5          ORA L
38C8  C2 CF 38    JNZ 38CFH
38CB  2A E7 3C    LHLD 3CE7H
38CE  C9          RET
38CF  3A 65 3C    LDA 3C65H
38D2  FE 80       CPI 80H
38D4  CA EE 38    JZ 38EEH
38D7  3E 00       MVI A,00H
38D9  21 E9 3C    LXI H,3CE9H
38DC  CD BD 3A    CALL 3ABDH
38DF  D2 E8 38    JNC 38E8H
38E2  CD 49 39    CALL 3949H
38E5  C3 EB 38    JMP 38EBH
38E8  C3 B3 38    JMP 38B3H
38EB  C3 CF 38    JMP 38CFH
38EE  3E 80       MVI A,80H
38F0  11 E9 3C    LXI D,3CE9H
38F3  CD B2 3A    CALL 3AB2H
38F6  DA 1A 39    JC 391AH
38F9  2A E7 3C    LHLD 3CE7H
38FC  44          MOV B,H
38FD  4D          MOV C,L
38FE  CD 6C 39    CALL 396CH
3901  11 80 00    LXI D,0080H
3904  2A E7 3C    LHLD 3CE7H
3907  19          DAD D
3908  22 E7 3C    SHLD 3CE7H
390B  7B          MOV A,E
390C  11 E9 3C    LXI D,3CE9H
390F  CD B2 3A    CALL 3AB2H
3912  EB          XCHG
3913  2B          DCX H
3914  73          MOV M,E
3915  23          INX H
3916  72          MOV M,D
3917  C3 EE 38    JMP 38EEH
391A  21 65 3C    LXI H,3C65H
391D  36 00       MVI M,00H
391F  3E 00       MVI A,00H
3921  11 E9 3C    LXI D,3CE9H
3924  CD B2 3A    CALL 3AB2H
3927  B5          ORA L
3928  CA 42 39    JZ 3942H
392B  01 E5 3B    LXI B,3BE5H
392E  CD 6C 39    CALL 396CH
3931  3E 00       MVI A,00H
3933  21 E9 3C    LXI H,3CE9H
3936  CD BD 3A    CALL 3ABDH
3939  D2 42 39    JNC 3942H
393C  CD 49 39    CALL 3949H
393F  C3 31 39    JMP 3931H
3942  C3 B3 38    JMP 38B3H
3945  2A E7 3C    LHLD 3CE7H
3948  C9          RET
3949  2A 65 3C    LHLD 3C65H
394C  26 00       MVI H,00H
394E  01 E5 3B    LXI B,3BE5H
3951  09          DAD B
3952  E5          PUSH H
3953  2A E7 3C    LHLD 3CE7H
3956  D1          POP D
3957  1A          LDAX D
3958  77          MOV M,A
3959  21 65 3C    LXI H,3C65H
395C  34          INR M
395D  2A E9 3C    LHLD 3CE9H
3960  2B          DCX H
3961  22 E9 3C    SHLD 3CE9H
3964  2A E7 3C    LHLD 3CE7H
3967  23          INX H
3968  22 E7 3C    SHLD 3CE7H
396B  C9          RET
396C  21 EC 3C    LXI H,3CECH
396F  70          MOV M,B
3970  2B          DCX H
3971  71          MOV M,C
3972  3A E6 3C    LDA 3CE6H
3975  3C          INR A
3976  32 E6 3C    STA 3CE6H
3979  FE 40       CPI 40H
397B  C2 A9 39    JNZ 39A9H
397E  3E 00       MVI A,00H
3980  11 68 3C    LXI D,3C68H
3983  CD B2 3A    CALL 3AB2H
3986  B5          ORA L
3987  C2 92 39    JNZ 3992H
398A  21 92 39    LXI H,3992H
398D  E5          PUSH H
398E  2A 78 30    LHLD 3078H
3991  E9          PCHL
3992  3A 75 3B    LDA 3B75H
3995  E6 0F       ANI 0FH
3997  4F          MOV C,A
3998  C5          PUSH B
3999  2A 68 3C    LHLD 3C68H
399C  44          MOV B,H
399D  4D          MOV C,L
399E  11 66 3C    LXI D,3C66H
39A1  CD 6D 38    CALL 386DH
39A4  21 E6 3C    LXI H,3CE6H
39A7  36 02       MVI M,02H
39A9  2A E6 3C    LHLD 3CE6H
39AC  26 00       MVI H,00H
39AE  01 66 3C    LXI B,3C66H
39B1  29          DAD H
39B2  09          DAD B
39B3  3E 00       MVI A,00H
39B5  CD BD 3A    CALL 3ABDH
39B8  B5          ORA L
39B9  C2 C4 39    JNZ 39C4H
39BC  21 C4 39    LXI H,39C4H
39BF  E5          PUSH H
39C0  2A 78 30    LHLD 3078H
39C3  E9          PCHL
39C4  3A 75 3B    LDA 3B75H
39C7  E6 0F       ANI 0FH
39C9  4F          MOV C,A
39CA  C5          PUSH B
39CB  2A E6 3C    LHLD 3CE6H
39CE  26 00       MVI H,00H
39D0  01 66 3C    LXI B,3C66H
39D3  29          DAD H
39D4  09          DAD B
39D5  4E          MOV C,M
39D6  23          INX H
39D7  46          MOV B,M
39D8  2A EB 3C    LHLD 3CEBH
39DB  EB          XCHG
39DC  CD 6D 38    CALL 386DH
39DF  C9          RET
39E0  3A 65 3C    LDA 3C65H
39E3  E6 7F       ANI 7FH
39E5  FE 00       CPI 00H
39E7  C2 F5 39    JNZ 39F5H
39EA  01 E5 3B    LXI B,3BE5H
39ED  CD 6C 39    CALL 396CH
39F0  21 65 3C    LXI H,3C65H
39F3  36 00       MVI M,00H
39F5  21 65 3C    LXI H,3C65H
39F8  34          INR M
39F9  7E          MOV A,M
39FA  3D          DCR A
39FB  4F          MOV C,A
39FC  06 00       MVI B,00H
39FE  21 E5 3B    LXI H,3BE5H
3A01  09          DAD B
3A02  7E          MOV A,M
3A03  C9          RET
3A04  CD E0 39    CALL 39E0H
3A07  F5          PUSH PSW
3A08  CD E0 39    CALL 39E0H
3A0B  5F          MOV E,A
3A0C  16 00       MVI D,00H
3A0E  21 00 01    LXI H,0100H
3A11  CD 94 3A    CALL 3A94H
3A14  C1          POP B
3A15  48          MOV C,B
3A16  06 00       MVI B,00H
3A18  09          DAD B
3A19  C9          RET
3A1A  21 F2 3C    LXI H,3CF2H
3A1D  72          MOV M,D
3A1E  2B          DCX H
3A1F  73          MOV M,E
3A20  2B          DCX H
3A21  70          MOV M,B
3A22  2B          DCX H
3A23  71          MOV M,C
3A24  2B          DCX H
3A25  D1          POP D
3A26  C1          POP B
3A27  70          MOV M,B
3A28  2B          DCX H
3A29  71          MOV M,C
3A2A  D5          PUSH D
3A2B  11 ED 3C    LXI D,3CEDH
3A2E  0E 08       MVI C,08H
3A30  CD 40 00    CALL 0040H
3A33  C9          RET
3A34  21 F3 3C    LXI H,3CF3H
3A37  22 F3 3C    SHLD 3CF3H
3A3A  11 F3 3C    LXI D,3CF3H
3A3D  0E 09       MVI C,09H
3A3F  CD 40 00    CALL 0040H
3A42  C9          RET
3A43  CD 1B F8    CALL 0F81BH
3A46  60          MOV H,B
3A47  6F          MOV L,A
3A48  C9          RET
3A49  21 FC 3C    LXI H,3CFCH
3A4C  72          MOV M,D
3A4D  2B          DCX H
3A4E  73          MOV M,E
3A4F  2B          DCX H
3A50  70          MOV M,B
3A51  2B          DCX H
3A52  71          MOV M,C
3A53  2B          DCX H
3A54  D1          POP D
3A55  C1          POP B
3A56  70          MOV M,B
3A57  2B          DCX H
3A58  71          MOV M,C
3A59  2B          DCX H
3A5A  C1          POP B
3A5B  70          MOV M,B
3A5C  2B          DCX H
3A5D  71          MOV M,C
3A5E  D5          PUSH D
3A5F  11 F5 3C    LXI D,3CF5H
3A62  0E 04       MVI C,04H
3A64  CD 40 00    CALL 0040H
3A67  C9          RET
3A68  EB          XCHG
3A69  5F          MOV E,A
3A6A  16 00       MVI D,00H
3A6C  EB          XCHG
3A6D  1A          LDAX D
3A6E  85          ADD L
3A6F  6F          MOV L,A
3A70  13          INX D
3A71  1A          LDAX D
3A72  8C          ADC H
3A73  67          MOV H,A
3A74  C9          RET
3A75  44          MOV B,H
3A76  4D          MOV C,L
3A77  21 00 00    LXI H,0000H
3A7A  3E 10       MVI A,10H
3A7C  F5          PUSH PSW
3A7D  29          DAD H
3A7E  EB          XCHG
3A7F  97          SUB A
3A80  29          DAD H
3A81  EB          XCHG
3A82  8D          ADC L
3A83  91          SUB C
3A84  6F          MOV L,A
3A85  7C          MOV A,H
3A86  98          SBB B
3A87  67          MOV H,A
3A88  13          INX D
3A89  D2 8E 3A    JNC 3A8EH
3A8C  09          DAD B
3A8D  1B          DCX D
3A8E  F1          POP PSW
3A8F  3D          DCR A
3A90  C2 7C 3A    JNZ 3A7CH
3A93  C9          RET
3A94  44          MOV B,H
3A95  4D          MOV C,L
3A96  21 00 00    LXI H,0000H
3A99  3E 10       MVI A,10H
3A9B  29          DAD H
3A9C  EB          XCHG
3A9D  29          DAD H
3A9E  EB          XCHG
3A9F  D2 A3 3A    JNC 3AA3H
3AA2  09          DAD B
3AA3  3D          DCR A
3AA4  C2 9B 3A    JNZ 3A9BH
3AA7  C9          RET
3AA8  5F          MOV E,A
3AA9  16 00       MVI D,00H
3AAB  7B          MOV A,E
3AAC  95          SUB L
3AAD  6F          MOV L,A
3AAE  7A          MOV A,D
3AAF  9C          SBB H
3AB0  67          MOV H,A
3AB1  C9          RET
3AB2  6F          MOV L,A
3AB3  26 00       MVI H,00H
3AB5  1A          LDAX D
3AB6  95          SUB L
3AB7  6F          MOV L,A
3AB8  13          INX D
3AB9  1A          LDAX D
3ABA  9C          SBB H
3ABB  67          MOV H,A
3ABC  C9          RET
3ABD  5F          MOV E,A
3ABE  16 00       MVI D,00H
3AC0  7B          MOV A,E
3AC1  96          SUB M
3AC2  5F          MOV E,A
3AC3  7A          MOV A,D
3AC4  23          INX H
3AC5  9E          SBB M
3AC6  57          MOV D,A
3AC7  EB          XCHG
3AC8  C9          RET
3AC9  20          DB 20
3ACA  20          DB 20
3ACB  20          DB 20
3ACC  20          DB 20
3ACD  20          DB 20
3ACE  20          DB 20
3ACF  20          DB 20
3AD0  20          DB 20
3AD1  20          DB 20
3AD2  20          DB 20
3AD3  20          DB 20
3AD4  20          DB 20
3AD5  20          DB 20
3AD6  20          DB 20
3AD7  20          DB 20
3AD8  20          DB 20
3AD9  20          DB 20
3ADA  20          DB 20
3ADB  20          DB 20
3ADC  20          DB 20
3ADD  33          INX SP
3ADE  35          DCR M
3ADF  35          DCR M
3AE0  20          DB 20
3AE1  4F          MOV C,A
3AE2  43          MOV B,E
3AE3  52          MOV D,D
3AE4  4C          MOV C,H
3AE5  46          MOV B,M
3AE6  3A 20 20    LDA 2020H
3AE9  20          DB 20
3AEA  20          DB 20
3AEB  20          DB 20
3AEC  20          DB 20
3AED  20          DB 20
3AEE  20          DB 20
3AEF  20          DB 20
3AF0  20          DB 20
3AF1  20          DB 20
3AF2  3B          DCX SP
3AF3  0D          DCR C
3AF4  0A          LDAX B
3AF5  49          MOV C,C
3AF6  53          MOV D,E
3AF7  49          MOV C,C
3AF8  53          MOV D,E
3AF9  2D          DCR L
3AFA  49          MOV C,C
3AFB  49          MOV C,C
3AFC  2C          INR L
3AFD  20          DB 20
3AFE  56          MOV D,M
3AFF  00          NOP
3B00  34          INR M
3B01  2E 00       MVI L,00H
3B03  33          INX SP
3B04  0D          DCR C
3B05  0A          LDAX B
3B06  06 00       MVI B,00H
3B08  0D          DCR C
3B09  0A          LDAX B
3B0A  45          MOV B,L
3B0B  52          MOV D,D
3B0C  52          MOV D,D
3B0D  4F          MOV C,A
3B0E  52          MOV D,D
3B0F  6E          MOV L,M
3B10  65          MOV H,L
3B11  20          DB 20
3B12  66          MOV H,M
3B13  20          DB 20
3B14  55          MOV D,L
3B15  53          MOV D,E
3B16  45          MOV B,L
3B17  52          MOV D,D
3B18  20          DB 20
3B19  50          MOV D,B
3B1A  43          MOV B,E
3B1B  20          DB 20
3B1C  6E          MOV L,M
3B1D  69          MOV L,C
3B1E  74          MOV M,H
3B1F  6F          MOV L,A
3B20  0D          DCR C
3B21  0A          LDAX B
3B22  53          MOV D,E
3B23  54          MOV D,H
3B24  41          MOV B,C
3B25  54          MOV D,H
3B26  55          MOV D,L
3B27  53          MOV D,E
3B28  3D          DCR A
3B29  0D          DCR C
3B2A  0A          LDAX B
3B2B  20          DB 20
3B2C  20          DB 20
3B2D  0D          DCR C
3B2E  0A          LDAX B
3B2F  44          MOV B,H
3B30  3D          DCR A
3B31  20          DB 20
3B32  33          INX SP
3B33  20          DB 20
3B34  20          DB 20
3B35  20          DB 20
3B36  0D          DCR C
3B37  0A          LDAX B
3B38  0D          DCR C
3B39  0A          LDAX B
3B3A  49          MOV C,C
3B3B  4C          MOV C,H
3B3C  4C          MOV C,H
3B3D  45          MOV B,L
3B3E  47          MOV B,A
3B3F  41          MOV B,C
3B40  4C          MOV C,H
3B41  20          DB 20
3B42  44          MOV B,H
3B43  49          MOV C,C
3B44  53          MOV D,E
3B45  4B          MOV C,E
3B46  20          DB 20
3B47  44          MOV B,H
3B48  45          MOV B,L
3B49  56          MOV D,M
3B4A  49          MOV C,C
3B4B  43          MOV B,E
3B4C  45          MOV B,L
3B4D  20          DB 20
3B4E  41          MOV B,C
3B4F  54          MOV D,H
3B50  20          DB 20
3B51  50          MOV D,B
3B52  4F          MOV C,A
3B53  52          MOV D,D
3B54  54          MOV D,H
3B55  20          DB 20
3B56  43          MOV B,E
3B57  38          DB 38
3B58  48          MOV C,B
3B59  0D          DCR C
3B5A  0A          LDAX B
3B5B  80          ADD B
3B5C  04          INR B
3B5D  01 00 00    LXI B,0000H
3B60  00          NOP
3B61  00          NOP
3B62  80          ADD B
3B63  03          INX B
3B64  01 00 00    LXI B,0000H
3B67  20          DB 20
3B68  20          DB 20
3B69  43          MOV B,E
3B6A  41          MOV B,C
3B6B  4C          MOV C,H
3B6C  4C          MOV C,H
3B6D  20          DB 20
3B6E  43          MOV B,E
3B6F  4F          MOV C,A
3B70  4E          MOV C,M
3B71  4F          MOV C,A
3B72  55          MOV D,L
3B73  54          MOV D,H
3B74  20          DB 20
3B75  20          DB 20
3B76  20          DB 20
3B77  20          DB 20
3B78  3B          DCX SP
3B79  20          DB 20
3B7A  74          MOV M,H
3B7B  68          MOV L,B
3B7C  69          MOV L,C
3B7D  73          MOV M,E
3B7E  20          DB 20
3B7F  72          MOV M,D
3B80  00          NOP
3B81  00          NOP
3B82  00          NOP
3B83  00          NOP
3B84  01 00 02    LXI B,0200H
3B87  00          NOP
3B88  03          INX B
3B89  00          NOP
3B8A  04          INR B
3B8B  00          NOP
3B8C  05          DCR B
3B8D  00          NOP
3B8E  06 00       MVI B,00H
3B90  07          RLC
3B91  00          NOP
3B92  08          DB 08
3B93  00          NOP
3B94  09          DAD B
3B95  00          NOP
3B96  0A          LDAX B
3B97  00          NOP
3B98  0B          DCX B
3B99  00          NOP
3B9A  0C          INR C
3B9B  00          NOP
3B9C  0D          DCR C
3B9D  00          NOP
3B9E  0E 00       MVI C,00H
3BA0  0F          RRC
3BA1  00          NOP
3BA2  10          DB 10
3BA3  00          NOP
3BA4  11 00 12    LXI D,1200H
3BA7  00          NOP
3BA8  13          INX D
3BA9  00          NOP
3BAA  14          INR D
3BAB  00          NOP
3BAC  15          DCR D
3BAD  00          NOP
3BAE  16 00       MVI D,00H
3BB0  17          RAL
3BB1  00          NOP
3BB2  00          NOP
3BB3  00          NOP
3BB4  00          NOP
3BB5  00          NOP
3BB6  00          NOP
3BB7  00          NOP
3BB8  00          NOP
3BB9  00          NOP
3BBA  00          NOP
3BBB  00          NOP
3BBC  00          NOP
3BBD  00          NOP
3BBE  00          NOP
3BBF  00          NOP
3BC0  00          NOP
3BC1  00          NOP
3BC2  00          NOP
3BC3  00          NOP
3BC4  00          NOP
3BC5  00          NOP
3BC6  00          NOP
3BC7  00          NOP
3BC8  00          NOP
3BC9  00          NOP
3BCA  00          NOP
3BCB  00          NOP
3BCC  00          NOP
3BCD  00          NOP
3BCE  00          NOP
3BCF  00          NOP
3BD0  00          NOP
3BD1  00          NOP
3BD2  00          NOP
3BD3  00          NOP
3BD4  00          NOP
3BD5  00          NOP
3BD6  00          NOP
3BD7  00          NOP
3BD8  00          NOP
3BD9  00          NOP
3BDA  00          NOP
3BDB  00          NOP
3BDC  00          NOP
3BDD  00          NOP
3BDE  00          NOP
3BDF  00          NOP
3BE0  00          NOP
3BE1  00          NOP
3BE2  00          NOP
3BE3  00          NOP
3BE4  00          NOP
3BE5  00          NOP
3BE6  00          NOP
3BE7  00          NOP
3BE8  00          NOP
3BE9  00          NOP
3BEA  00          NOP
3BEB  00          NOP
3BEC  00          NOP
3BED  00          NOP
3BEE  00          NOP
3BEF  00          NOP
3BF0  00          NOP
3BF1  00          NOP
3BF2  00          NOP
3BF3  00          NOP
3BF4  00          NOP
3BF5  00          NOP
3BF6  00          NOP
3BF7  00          NOP
3BF8  00          NOP
3BF9  00          NOP
3BFA  00          NOP
3BFB  00          NOP
3BFC  00          NOP
3BFD  00          NOP
3BFE  00          NOP
3BFF  00          NOP
3C00  00          NOP
