
SEGMENT LIST                                                           Page: 1
------------------------------------------------------------------------------

SEGMENT              FROM TO   LENX  LEND ATTRIBUTES
-------------------- ---- ---- ---- ----- ------------------------------------
CSEG                 EC00 FA32 0E33  3635 Fixed, Read/write, Initialised

FIXUP LIST                                                             Page: 2
------------------------------------------------------------------------------

TARGET SEGMENT
        LABEL: FIXUP OFFSET(S)
------------------------------------------------------------------------------

SYMBOL NAME                                                            Page: 3
------------------------------------------------------------------------------

HEX    DEC SEGMENT              SOURCE    SCOPE     NAME
---- ----- -------------------- --------- --------- ----
F16F 61807 CSEG                 Address F Local     ADA2HL
F9D5 63957 CSEG                 Address F Local     ALLOC0
F44B 62539 CSEG                 Address F Local     ATTRB1
F446 62534 CSEG                 Address F Local     ATTRIB
0008     8 <unknown>            Const Int Local     BCKSPA
EC06 60422 <unknown>            Const Int Local     BDOS
EC11 60433 CSEG                 Address F Local     BDOS1
F97F 63871 CSEG                 Address F Local     BDOS2
F99C 63900 CSEG                 Address F Local     BDOS3
B000 45056 <unknown>            Const Int Local     BIAS
F9E8 63976 CSEG                 Address F Local     BIGDSK
FA00 64000 <unknown>            Const Int Local     BIOS
EDA4 60836 CSEG                 Address F Local     BLANK
EDAC 60844 CSEG                 Address F Local     BLANK1
F9F5 63989 CSEG                 Address F Local     BLCTR1
F9F7 63991 CSEG                 Address F Local     BLCTR2
F276 62070 CSEG                 Address F Local     BLKMAP
EF4F 61263 CSEG                 Address F Local     BLKMOV
F280 62080 CSEG                 Address F Local     BLKMP1
F293 62099 CSEG                 Address F Local     BLKMP2
F299 62105 CSEG                 Address F Local     BLKMP3
F2A8 62120 CSEG                 Address F Local     BLKMP4
F267 62055 CSEG                 Address F Local     BLKMP5
F26F 62063 CSEG                 Address F Local     BLKMP6
F9E2 63970 CSEG                 Address F Local     BLKOFF
F9CF 63951 CSEG                 Address F Local     BLMASK
EF50 61264 CSEG                 Address F Local     BLMOV1
F050 61520 CSEG                 Address F Local     BLPNT1
F05E 61534 CSEG                 Address F Local     BLPNT2
F067 61543 CSEG                 Address F Local     BLPNT3
F049 61513 CSEG                 Address F Local     BLPNTR
F9CE 63950 CSEG                 Address F Local     BLSHFT
EDB1 60849 CSEG                 Address F Local     BREAK
EDB9 60857 CSEG                 Address F Local     BREAK1
EC99 60569 CSEG                 Address F Local     BSERR
EF41 61249 CSEG                 Address F Local     BSTACK
FA00 64000 CSEG                 Address F Local    *CBOOT
E400 58368 <unknown>            Const Int Local     CCP
EF0A 61194 CSEG                 Address F Local     CHCTR1
EF0B 61195 CSEG                 Address F Local     CHCTR2
F200 61952 CSEG                 Address F Local     CHKBC1
F1A9 61865 CSEG                 Address F Local     CHKCR1
F1CF 61903 CSEG                 Address F Local     CHKCR2
F1A7 61863 CSEG                 Address F Local     CHKCRC
F14F 61775 CSEG                 Address F Local     CHKRO
F152 61778 CSEG                 Address F Local     CHKRO1
F08F 61583 CSEG                 Address F Local     CHKSC1
F9D7 63959 CSEG                 Address F Local     CHKSIZ
F108 61704 CSEG                 Address F Local     CHKSM1
F102 61698 CSEG                 Address F Local     CHKSUM
EF0C 61196 CSEG                 Address F Local     CHRCTR
F4D8 62680 CSEG                 Address F Local     CLOSE1
F4E6 62694 CSEG                 Address F Local     CLOSE2

SYMBOL NAME                                                            Page: 4
------------------------------------------------------------------------------

HEX    DEC SEGMENT              SOURCE    SCOPE     NAME
---- ----- -------------------- --------- --------- ----
F4EC 62700 CSEG                 Address F Local     CLOSE3
F4F3 62707 CSEG                 Address F Local     CLOSE4
F508 62728 CSEG                 Address F Local     CLOSE5
F522 62754 CSEG                 Address F Local     CLOSE6
F52A 62762 CSEG                 Address F Local     CLOSE7
F49F 62623 CSEG                 Address F Local     CLOSE8
F4AD 62637 CSEG                 Address F Local     CLOSEF
EEC8 61128 CSEG                 Address F Local     COM01
ED90 60816 CSEG                 Address F Local     COM02
EECE 61134 CSEG                 Address F Local     COM03
EED4 61140 CSEG                 Address F Local     COM06
EEED 61165 CSEG                 Address F Local     COM07
EEF3 61171 CSEG                 Address F Local     COM08
EEF8 61176 CSEG                 Address F Local     COM09
EDE1 60897 CSEG                 Address F Local     COM10
EEFE 61182 CSEG                 Address F Local     COM11
F889 63625 CSEG                 Address F Local     COM12
F88E 63630 CSEG                 Address F Local     COM13
F850 63568 CSEG                 Address F Local     COM14
F8A7 63655 CSEG                 Address F Local     COM15
F8B0 63664 CSEG                 Address F Local     COM16
F8B6 63670 CSEG                 Address F Local     COM17
F8CD 63693 CSEG                 Address F Local     COM17A
F8D3 63699 CSEG                 Address F Local     COM18
F8E2 63714 CSEG                 Address F Local     COM19
F8EB 63723 CSEG                 Address F Local     COM20
F8F1 63729 CSEG                 Address F Local     COM21
F8F7 63735 CSEG                 Address F Local     COM22
F900 63744 CSEG                 Address F Local     COM23
F909 63753 CSEG                 Address F Local     COM24
F90F 63759 CSEG                 Address F Local     COM25
F915 63765 CSEG                 Address F Local     COM26
F91C 63772 CSEG                 Address F Local     COM27
F137 61751 CSEG                 Address F Local     COM28
F922 63778 CSEG                 Address F Local     COM29
F928 63784 CSEG                 Address F Local     COM30
F931 63793 CSEG                 Address F Local     COM31
F934 63796 CSEG                 Address F Local     COM31A
F938 63800 CSEG                 Address F Local     COM32
F94C 63820 CSEG                 Address F Local     COM33
F952 63826 CSEG                 Address F Local     COM34
F958 63832 CSEG                 Address F Local     COM35
F819 63513 CSEG                 Address F Local     COM36
F95E 63838 CSEG                 Address F Local     COM37
F9A6 63910 CSEG                 Address F Local     COM40
F095 61589 CSEG                 Address F Local     COMSEC
EC47 60487 CSEG                 Address F Local     COMTAB
FA09 64009 CSEG                 Address F Local     CONIN
FA0C 64012 CSEG                 Address F Local     CONOUT
F09B 61595 CSEG                 Address F Local     CONSE1
FA06 64006 CSEG                 Address F Local     CONST
000D    13 <unknown>            Const Int Local     CR
F9BC 63932 CSEG                 Address F Local     CURDMA

SYMBOL NAME                                                            Page: 5
------------------------------------------------------------------------------

HEX    DEC SEGMENT              SOURCE    SCOPE     NAME
---- ----- -------------------- --------- --------- ----
EF42 61250 CSEG                 Address F Local     CURDSK
F9EE 63982 CSEG                 Address F Local     CURREC
F9CA 63946 CSEG                 Address F Local     DALLOC
0080   128 <unknown>            Const Int Local     DDMA
F3AF 62383 CSEG                 Address F Local     DELET1
F3A7 62375 CSEG                 Address F Local     DELETE
F1A0 61856 CSEG                 Address F Local     DEMIHL
F9C4 63940 CSEG                 Address F Local     DIRBPT
F9C8 63944 CSEG                 Address F Local     DIRCRC
F1E5 61925 CSEG                 Address F Local     DIRD1
F1EE 61934 CSEG                 Address F Local     DIRDM1
F1EB 61931 CSEG                 Address F Local     DIRDMA
F1DF 61919 CSEG                 Address F Local     DIREAD
EEE0 61152 CSEG                 Address F Local     DIRINP
F9D3 63955 CSEG                 Address F Local     DIRMAX
F9F4 63988 CSEG                 Address F Local     DIROFF
F169 61801 CSEG                 Address F Local     DIRPTR
F9D9 63961 CSEG                 Address F Local     DIRTRK
F1D1 61905 CSEG                 Address F Local     DIRWRT
F9EB 63979 CSEG                 Address F Local     DISKNO
F9B7 63927 CSEG                 Address F Local     DMYFCB
F9C6 63942 CSEG                 Address F Local     DPBLK
F9D1 63953 CSEG                 Address F Local     DSKSIZ
EF04 61188 CSEG                 Address F Local     DUMMY
F9BE 63934 CSEG                 Address F Local     DWORD1
F9C0 63936 CSEG                 Address F Local     DWORD2
F9C2 63938 CSEG                 Address F Local     DWORD3
EF43 61251 CSEG                 Address F Local     ENTPAR
ECBA 60602 CSEG                 Address F Local     ERMSG0
ECC6 60614 <unknown>            Const Int Local     ERMSG1
ECCA 60618 CSEG                 Address F Local     ERMSG2
ECD5 60629 CSEG                 Address F Local     ERMSG3
ECDC 60636 CSEG                 Address F Local     ERMSG4
ECE1 60641 <unknown>            Const Int Local     ERMSG5
EC09 60425 CSEG                 Address F Local     ERR1
EC0B 60427 CSEG                 Address F Local     ERR2
EC0D 60429 CSEG                 Address F Local     ERR3
EC0F 60431 CSEG                 Address F Local     ERR4
ECE5 60645 CSEG                 Address F Local     ERRMSG
EF4A 61258 CSEG                 Address F Local     ERROR
EF01 61185 CSEG                 Address F Local     EXIT1
EF05 61189 CSEG                 Address F Local     EXIT2
F30C 62220 CSEG                 Address F Local     EXIT3
F9ED 63981 CSEG                 Address F Local     EXTCTR
F0B9 61625 CSEG                 Address F Local     FC1532
F0B1 61617 CSEG                 Address F Local     FCB12
F174 61812 CSEG                 Address F Local     FCB14
FA33 64051 CSEG                 Address F Local    *FINISH
F18A 61834 CSEG                 Address F Local     FLB1D1
F7DD 63453 CSEG                 Address F Local     FSIZE
F7EF 63471 CSEG                 Address F Local     FSIZE1
F811 63505 CSEG                 Address F Local     FSIZE2
F817 63511 CSEG                 Address F Local     FSIZE3

SYMBOL NAME                                                            Page: 6
------------------------------------------------------------------------------

HEX    DEC SEGMENT              SOURCE    SCOPE     NAME
---- ----- -------------------- --------- --------- ----
F261 62049 CSEG                 Address F Local     GETAL1
F240 62016 CSEG                 Address F Local     GETALC
F07C 61564 CSEG                 Address F Local     GETBL1
F069 61545 CSEG                 Address F Local     GETBLN
F224 61988 CSEG                 Address F Local     GETDI1
F22B 61995 CSEG                 Address F Local     GETDI2
F210 61968 CSEG                 Address F Local     GETDIR
F129 61737 CSEG                 Address F Local     GETRO
FA18 64024 CSEG                 Address F Local     HOME
ED06 60678 CSEG                 Address F Local     INCHR
ECFB 60667 CSEG                 Address F Local     INPUT
F15F 61791 CSEG                 Address F Local     INTRRO
0003     3 <unknown>            Const Int Local     IOBYTE
ED42 60738 CSEG                 Address F Local     KBSTA1
ED45 60741 CSEG                 Address F Local     KBSTA2
ED23 60707 CSEG                 Address F Local     KBSTAT
EF0E 61198 CSEG                 Address F Local     KYBDFL
000A    10 <unknown>            Const Int Local     LF
EDF1 60913 CSEG                 Address F Local     LINE1
EE78 61048 CSEG                 Address F Local     LINE10
EE8A 61066 CSEG                 Address F Local     LINE11
EE99 61081 CSEG                 Address F Local     LINE12
EEA6 61094 CSEG                 Address F Local     LINE13
EEA9 61097 CSEG                 Address F Local     LINE14
EEBD 61117 CSEG                 Address F Local     LINE15
EEC1 61121 CSEG                 Address F Local     LINE16
EE16 60950 CSEG                 Address F Local     LINE2
EE26 60966 CSEG                 Address F Local     LINE3
EE37 60983 CSEG                 Address F Local     LINE4
EE48 61000 CSEG                 Address F Local     LINE5
EE4E 61006 CSEG                 Address F Local     LINE6
EE5F 61023 CSEG                 Address F Local     LINE7
EE6B 61035 CSEG                 Address F Local     LINE8
EE70 61040 CSEG                 Address F Local     LINE9
FA0F 64015 CSEG                 Address F Local     LIST
EF0D 61197 CSEG                 Address F Local     LISTFL
FA2D 64045 CSEG                 Address F Local    *LISTST
EDEF 60911 CSEG                 Address F Local     LLOOP
F9EA 63978 CSEG                 Address F Local     LOGDSK
F82C 63532 CSEG                 Address F Local     LOGIN
F2AE 62126 CSEG                 Address F Local     LOGIN1
F2BC 62140 CSEG                 Address F Local     LOGIN2
F2DD 62173 CSEG                 Address F Local     LOGIN3
F301 62209 CSEG                 Address F Local     LOGIN4
F9BA 63930 CSEG                 Address F Local     LOGVEC
F52F 62767 CSEG                 Address F Local     MAKEF
F551 62801 CSEG                 Address F Local     MAKEF1
F9DD 63965 CSEG                 Address F Local     MAKEFL
F40C 62476 CSEG                 Address F Local     MAKES1
F41B 62491 CSEG                 Address F Local     MAKES2
F408 62472 CSEG                 Address F Local     MAKESR
F1F4 61940 CSEG                 Address F Local     MOVSEC
0040    64 <unknown>            Const Int Local     MSIZE

SYMBOL NAME                                                            Page: 7
------------------------------------------------------------------------------

HEX    DEC SEGMENT              SOURCE    SCOPE     NAME
---- ----- -------------------- --------- --------- ----
F9D0 63952 CSEG                 Address F Local     NLMASK
F45C 62556 CSEG                 Address F Local     OPENF
F465 62565 CSEG                 Address F Local     OPENF1
F496 62614 CSEG                 Address F Local     OPENF2
F565 62821 CSEG                 Address F Local     OPNNXT
F58E 62862 CSEG                 Address F Local     OPNXT1
F599 62873 CSEG                 Address F Local     OPNXT2
F5B7 62903 CSEG                 Address F Local     OPNXT3
F5BA 62906 CSEG                 Address F Local     OPNXT4
F5C1 62913 CSEG                 Address F Local     OPNXT5
ED96 60822 CSEG                 Address F Local     OUTCH2
ED7F 60799 CSEG                 Address F Local     OUTCHR
ED62 60770 CSEG                 Address F Local     OUTPT1
ED79 60793 CSEG                 Address F Local     OUTPT2
ED48 60744 CSEG                 Address F Local     OUTPUT
F9E1 63969 CSEG                 Address F Local     PARAM1
EDC9 60873 CSEG                 Address F Local     PCRLF
EDD3 60883 CSEG                 Address F Local     PRNSTR
EF0F 61199 CSEG                 Address F Local     PSTACK
FA12 64018 CSEG                 Address F Local     PUNCH
F79E 63390 CSEG                 Address F Local     RDRAND
EFB2 61362 CSEG                 Address F Local     RDSECT
F5C7 62919 CSEG                 Address F Local     RDSEQ
F5CC 62924 CSEG                 Address F Local     RDSEQ1
F5F1 62961 CSEG                 Address F Local     RDSEQ2
F606 62982 CSEG                 Address F Local     RDSEQ3
F9DE 63966 CSEG                 Address F Local     RDWRFL
FA27 64039 CSEG                 Address F Local     READ
FA15 64021 CSEG                 Address F Local     READER
0000     0 <unknown>            Const Int Local     REBOOT
F9EC 63980 CSEG                 Address F Local     RECCTR
0002     2 <unknown>            Const Int Local     REL
F432 62514 CSEG                 Address F Local     RENAM1
F421 62497 CSEG                 Address F Local     RENAME
EF45 61253 CSEG                 Address F Local     RETPAR
0000     0 <unknown>            Const Int Local     REV
F7B0 63408 CSEG                 Address F Local     RNDPAR
ECAB 60587 CSEG                 Address F Local     ROERR
ECB1 60593 CSEG                 Address F Local     ROERR1
ECB4 60596 CSEG                 Address F Local     ROERR2
F9B8 63928 CSEG                 Address F Local     ROWORD
007F   127 <unknown>            Const Int Local     RUBOUT
F0DD 61661 CSEG                 Address F Local     RWEXIT
F0E9 61673 CSEG                 Address F Local     RWEXT1
F9F0 63984 CSEG                 Address F Local     SCNTR1
F9F2 63986 CSEG                 Address F Local     SCNTR2
0080   128 <unknown>            Const Int Local     SECLEN
F9DB 63963 CSEG                 Address F Local     SECTBL
FA30 64048 CSEG                 Address F Local     SECTRN
F9CC 63948 CSEG                 Address F Local     SECTRS
FA1B 64027 CSEG                 Address F Local     SELDSK
ECA5 60581 CSEG                 Address F Local     SELER1
EF47 61255 CSEG                 Address F Local     SELERR

SYMBOL NAME                                                            Page: 8
------------------------------------------------------------------------------

HEX    DEC SEGMENT              SOURCE    SCOPE     NAME
---- ----- -------------------- --------- --------- ----
F355 62293 CSEG                 Address F Local     SERCH1
F35E 62302 CSEG                 Address F Local     SERCH2
F37E 62334 CSEG                 Address F Local     SERCH3
F387 62343 CSEG                 Address F Local     SERCH4
F38E 62350 CSEG                 Address F Local     SERCH5
F39F 62367 CSEG                 Address F Local     SERCH6
F312 62226 CSEG                 Address F Local     SERCH7
F323 62243 CSEG                 Address F Local     SERCHF
F338 62264 CSEG                 Address F Local     SERCHN
F9E0 63968 CSEG                 Address F Local     SERNFL
EC00 60416 CSEG                 Address F Local    *SERNO
F183 61827 CSEG                 Address F Local     SET14
F209 61961 CSEG                 Address F Local     SETBC1
EFA1 61345 CSEG                 Address F Local     SETDIR
FA24 64036 CSEG                 Address F Local     SETDMA
EF9D 61341 CSEG                 Address F Local     SETDS1
EF59 61273 CSEG                 Address F Local     SETDSK
ED14 60692 CSEG                 Address F Local     SETFLG
F712 63250 CSEG                 Address F Local     SETRN1
F752 63314 CSEG                 Address F Local     SETRN2
F78A 63370 CSEG                 Address F Local     SETRN3
F78F 63375 CSEG                 Address F Local     SETRN4
F796 63382 CSEG                 Address F Local     SETRN5
F70E 63246 CSEG                 Address F Local     SETRND
F082 61570 CSEG                 Address F Local     SETSC1
FA21 64033 CSEG                 Address F Local     SETSEC
FA1E 64030 CSEG                 Address F Local     SETTRK
F85C 63580 CSEG                 Address F Local     SETUP
F880 63616 CSEG                 Address F Local     SETUP1
F9E9 63977 CSEG                 Address F Local     SETUPF
F946 63814 CSEG                 Address F Local     SETUSR
F116 61718 CSEG                 Address F Local     SETVEC
F110 61712 CSEG                 Address F Local     SHLHL1
F10F 61711 CSEG                 Address F Local     SHLHLC
F0F6 61686 CSEG                 Address F Local     SHRHL1
F0F5 61685 CSEG                 Address F Local     SHRHLC
0000     0 <unknown>            Const Int Local     SNH
0000     0 <unknown>            Const Int Local     SNL
F9E3 63971 CSEG                 Address F Local     SRCHCT
F9DF 63967 CSEG                 Address F Local     SRCHFL
F9E4 63972 CSEG                 Address F Local     SRCHFP
F197 61847 CSEG                 Address F Local     SWB1D1
0009     9 <unknown>            Const Int Local     TAB
EFCE 61390 CSEG                 Address F Local     TRKSEC
EFDC 61404 CSEG                 Address F Local     TRSEC1
EFEF 61423 CSEG                 Address F Local     TRSEC2
F005 61445 CSEG                 Address F Local     TRSEC3
F01A 61466 CSEG                 Address F Local     TRSEC4
F0C6 61638 CSEG                 Address F Local     UPDATE
EF41 61249 CSEG                 Address F Local     USERNO
0002     2 <unknown>            Const Int Local     VER
FA03 64003 CSEG                 Address F Local     WBOOT
EFC8 61384 CSEG                 Address F Local     WRERROR

SYMBOL NAME                                                            Page: 9
------------------------------------------------------------------------------

HEX    DEC SEGMENT              SOURCE    SCOPE     NAME
---- ----- -------------------- --------- --------- ----
FA2A 64042 CSEG                 Address F Local     WRITE
F7A7 63399 CSEG                 Address F Local     WRRAND
F6DD 63197 CSEG                 Address F Local     WRSE10
F709 63241 CSEG                 Address F Local     WRSE11
F70B 63243 CSEG                 Address F Local     WRSE12
EFBB 61371 CSEG                 Address F Local     WRSEC1
EFB8 61368 CSEG                 Address F Local     WRSECT
F609 62985 CSEG                 Address F Local     WRSEQ
F60E 62990 CSEG                 Address F Local     WRSEQ1
F646 63046 CSEG                 Address F Local     WRSEQ2
F653 63059 CSEG                 Address F Local     WRSEQ3
F66F 63087 CSEG                 Address F Local     WRSEQ4
F677 63095 CSEG                 Address F Local     WRSEQ5
F679 63097 CSEG                 Address F Local     WRSEQ6
F697 63127 CSEG                 Address F Local     WRSEQ7
F6A5 63141 CSEG                 Address F Local     WRSEQ8
F6C6 63174 CSEG                 Address F Local     WRSEQ9
F3C9 62409 CSEG                 Address F Local     WRSUB
F3CB 62411 CSEG                 Address F Local     WRSUB1
F3DC 62428 CSEG                 Address F Local     WRSUB2
F3F7 62455 CSEG                 Address F Local     WRSUB3
F3FF 62463 CSEG                 Address F Local     WRSUB4
F17D 61821 CSEG                 Address F Local     ZRFCTR

SYMBOL ADDR                                                           Page: 10
------------------------------------------------------------------------------

HEX    DEC SEGMENT              SOURCE    SCOPE     NAME
---- ----- -------------------- --------- --------- ----
0000     0 <unknown>            Const Int Local     REBOOT
0000     0 <unknown>            Const Int Local     REV
0000     0 <unknown>            Const Int Local     SNH
0000     0 <unknown>            Const Int Local     SNL
0002     2 <unknown>            Const Int Local     REL
0002     2 <unknown>            Const Int Local     VER
0003     3 <unknown>            Const Int Local     IOBYTE
0008     8 <unknown>            Const Int Local     BCKSPA
0009     9 <unknown>            Const Int Local     TAB
000A    10 <unknown>            Const Int Local     LF
000D    13 <unknown>            Const Int Local     CR
0040    64 <unknown>            Const Int Local     MSIZE
007F   127 <unknown>            Const Int Local     RUBOUT
0080   128 <unknown>            Const Int Local     DDMA
0080   128 <unknown>            Const Int Local     SECLEN
B000 45056 <unknown>            Const Int Local     BIAS
E400 58368 <unknown>            Const Int Local     CCP
EC06 60422 <unknown>            Const Int Local     BDOS
ECC6 60614 <unknown>            Const Int Local     ERMSG1
ECE1 60641 <unknown>            Const Int Local     ERMSG5
FA00 64000 <unknown>            Const Int Local     BIOS
EC00 60416 CSEG                 Address F Local    *SERNO
EC09 60425 CSEG                 Address F Local     ERR1
EC0B 60427 CSEG                 Address F Local     ERR2
EC0D 60429 CSEG                 Address F Local     ERR3
EC0F 60431 CSEG                 Address F Local     ERR4
EC11 60433 CSEG                 Address F Local     BDOS1
EC47 60487 CSEG                 Address F Local     COMTAB
EC99 60569 CSEG                 Address F Local     BSERR
ECA5 60581 CSEG                 Address F Local     SELER1
ECAB 60587 CSEG                 Address F Local     ROERR
ECB1 60593 CSEG                 Address F Local     ROERR1
ECB4 60596 CSEG                 Address F Local     ROERR2
ECBA 60602 CSEG                 Address F Local     ERMSG0
ECCA 60618 CSEG                 Address F Local     ERMSG2
ECD5 60629 CSEG                 Address F Local     ERMSG3
ECDC 60636 CSEG                 Address F Local     ERMSG4
ECE5 60645 CSEG                 Address F Local     ERRMSG
ECFB 60667 CSEG                 Address F Local     INPUT
ED06 60678 CSEG                 Address F Local     INCHR
ED14 60692 CSEG                 Address F Local     SETFLG
ED23 60707 CSEG                 Address F Local     KBSTAT
ED42 60738 CSEG                 Address F Local     KBSTA1
ED45 60741 CSEG                 Address F Local     KBSTA2
ED48 60744 CSEG                 Address F Local     OUTPUT
ED62 60770 CSEG                 Address F Local     OUTPT1
ED79 60793 CSEG                 Address F Local     OUTPT2
ED7F 60799 CSEG                 Address F Local     OUTCHR
ED90 60816 CSEG                 Address F Local     COM02
ED96 60822 CSEG                 Address F Local     OUTCH2
EDA4 60836 CSEG                 Address F Local     BLANK
EDAC 60844 CSEG                 Address F Local     BLANK1
EDB1 60849 CSEG                 Address F Local     BREAK

SYMBOL ADDR                                                           Page: 11
------------------------------------------------------------------------------

HEX    DEC SEGMENT              SOURCE    SCOPE     NAME
---- ----- -------------------- --------- --------- ----
EDB9 60857 CSEG                 Address F Local     BREAK1
EDC9 60873 CSEG                 Address F Local     PCRLF
EDD3 60883 CSEG                 Address F Local     PRNSTR
EDE1 60897 CSEG                 Address F Local     COM10
EDEF 60911 CSEG                 Address F Local     LLOOP
EDF1 60913 CSEG                 Address F Local     LINE1
EE16 60950 CSEG                 Address F Local     LINE2
EE26 60966 CSEG                 Address F Local     LINE3
EE37 60983 CSEG                 Address F Local     LINE4
EE48 61000 CSEG                 Address F Local     LINE5
EE4E 61006 CSEG                 Address F Local     LINE6
EE5F 61023 CSEG                 Address F Local     LINE7
EE6B 61035 CSEG                 Address F Local     LINE8
EE70 61040 CSEG                 Address F Local     LINE9
EE78 61048 CSEG                 Address F Local     LINE10
EE8A 61066 CSEG                 Address F Local     LINE11
EE99 61081 CSEG                 Address F Local     LINE12
EEA6 61094 CSEG                 Address F Local     LINE13
EEA9 61097 CSEG                 Address F Local     LINE14
EEBD 61117 CSEG                 Address F Local     LINE15
EEC1 61121 CSEG                 Address F Local     LINE16
EEC8 61128 CSEG                 Address F Local     COM01
EECE 61134 CSEG                 Address F Local     COM03
EED4 61140 CSEG                 Address F Local     COM06
EEE0 61152 CSEG                 Address F Local     DIRINP
EEED 61165 CSEG                 Address F Local     COM07
EEF3 61171 CSEG                 Address F Local     COM08
EEF8 61176 CSEG                 Address F Local     COM09
EEFE 61182 CSEG                 Address F Local     COM11
EF01 61185 CSEG                 Address F Local     EXIT1
EF04 61188 CSEG                 Address F Local     DUMMY
EF05 61189 CSEG                 Address F Local     EXIT2
EF0A 61194 CSEG                 Address F Local     CHCTR1
EF0B 61195 CSEG                 Address F Local     CHCTR2
EF0C 61196 CSEG                 Address F Local     CHRCTR
EF0D 61197 CSEG                 Address F Local     LISTFL
EF0E 61198 CSEG                 Address F Local     KYBDFL
EF0F 61199 CSEG                 Address F Local     PSTACK
EF41 61249 CSEG                 Address F Local     BSTACK
EF41 61249 CSEG                 Address F Local     USERNO
EF42 61250 CSEG                 Address F Local     CURDSK
EF43 61251 CSEG                 Address F Local     ENTPAR
EF45 61253 CSEG                 Address F Local     RETPAR
EF47 61255 CSEG                 Address F Local     SELERR
EF4A 61258 CSEG                 Address F Local     ERROR
EF4F 61263 CSEG                 Address F Local     BLKMOV
EF50 61264 CSEG                 Address F Local     BLMOV1
EF59 61273 CSEG                 Address F Local     SETDSK
EF9D 61341 CSEG                 Address F Local     SETDS1
EFA1 61345 CSEG                 Address F Local     SETDIR
EFB2 61362 CSEG                 Address F Local     RDSECT
EFB8 61368 CSEG                 Address F Local     WRSECT
EFBB 61371 CSEG                 Address F Local     WRSEC1

SYMBOL ADDR                                                           Page: 12
------------------------------------------------------------------------------

HEX    DEC SEGMENT              SOURCE    SCOPE     NAME
---- ----- -------------------- --------- --------- ----
EFC8 61384 CSEG                 Address F Local     WRERROR
EFCE 61390 CSEG                 Address F Local     TRKSEC
EFDC 61404 CSEG                 Address F Local     TRSEC1
EFEF 61423 CSEG                 Address F Local     TRSEC2
F005 61445 CSEG                 Address F Local     TRSEC3
F01A 61466 CSEG                 Address F Local     TRSEC4
F049 61513 CSEG                 Address F Local     BLPNTR
F050 61520 CSEG                 Address F Local     BLPNT1
F05E 61534 CSEG                 Address F Local     BLPNT2
F067 61543 CSEG                 Address F Local     BLPNT3
F069 61545 CSEG                 Address F Local     GETBLN
F07C 61564 CSEG                 Address F Local     GETBL1
F082 61570 CSEG                 Address F Local     SETSC1
F08F 61583 CSEG                 Address F Local     CHKSC1
F095 61589 CSEG                 Address F Local     COMSEC
F09B 61595 CSEG                 Address F Local     CONSE1
F0B1 61617 CSEG                 Address F Local     FCB12
F0B9 61625 CSEG                 Address F Local     FC1532
F0C6 61638 CSEG                 Address F Local     UPDATE
F0DD 61661 CSEG                 Address F Local     RWEXIT
F0E9 61673 CSEG                 Address F Local     RWEXT1
F0F5 61685 CSEG                 Address F Local     SHRHLC
F0F6 61686 CSEG                 Address F Local     SHRHL1
F102 61698 CSEG                 Address F Local     CHKSUM
F108 61704 CSEG                 Address F Local     CHKSM1
F10F 61711 CSEG                 Address F Local     SHLHLC
F110 61712 CSEG                 Address F Local     SHLHL1
F116 61718 CSEG                 Address F Local     SETVEC
F129 61737 CSEG                 Address F Local     GETRO
F137 61751 CSEG                 Address F Local     COM28
F14F 61775 CSEG                 Address F Local     CHKRO
F152 61778 CSEG                 Address F Local     CHKRO1
F15F 61791 CSEG                 Address F Local     INTRRO
F169 61801 CSEG                 Address F Local     DIRPTR
F16F 61807 CSEG                 Address F Local     ADA2HL
F174 61812 CSEG                 Address F Local     FCB14
F17D 61821 CSEG                 Address F Local     ZRFCTR
F183 61827 CSEG                 Address F Local     SET14
F18A 61834 CSEG                 Address F Local     FLB1D1
F197 61847 CSEG                 Address F Local     SWB1D1
F1A0 61856 CSEG                 Address F Local     DEMIHL
F1A7 61863 CSEG                 Address F Local     CHKCRC
F1A9 61865 CSEG                 Address F Local     CHKCR1
F1CF 61903 CSEG                 Address F Local     CHKCR2
F1D1 61905 CSEG                 Address F Local     DIRWRT
F1DF 61919 CSEG                 Address F Local     DIREAD
F1E5 61925 CSEG                 Address F Local     DIRD1
F1EB 61931 CSEG                 Address F Local     DIRDMA
F1EE 61934 CSEG                 Address F Local     DIRDM1
F1F4 61940 CSEG                 Address F Local     MOVSEC
F200 61952 CSEG                 Address F Local     CHKBC1
F209 61961 CSEG                 Address F Local     SETBC1
F210 61968 CSEG                 Address F Local     GETDIR

SYMBOL ADDR                                                           Page: 13
------------------------------------------------------------------------------

HEX    DEC SEGMENT              SOURCE    SCOPE     NAME
---- ----- -------------------- --------- --------- ----
F224 61988 CSEG                 Address F Local     GETDI1
F22B 61995 CSEG                 Address F Local     GETDI2
F240 62016 CSEG                 Address F Local     GETALC
F261 62049 CSEG                 Address F Local     GETAL1
F267 62055 CSEG                 Address F Local     BLKMP5
F26F 62063 CSEG                 Address F Local     BLKMP6
F276 62070 CSEG                 Address F Local     BLKMAP
F280 62080 CSEG                 Address F Local     BLKMP1
F293 62099 CSEG                 Address F Local     BLKMP2
F299 62105 CSEG                 Address F Local     BLKMP3
F2A8 62120 CSEG                 Address F Local     BLKMP4
F2AE 62126 CSEG                 Address F Local     LOGIN1
F2BC 62140 CSEG                 Address F Local     LOGIN2
F2DD 62173 CSEG                 Address F Local     LOGIN3
F301 62209 CSEG                 Address F Local     LOGIN4
F30C 62220 CSEG                 Address F Local     EXIT3
F312 62226 CSEG                 Address F Local     SERCH7
F323 62243 CSEG                 Address F Local     SERCHF
F338 62264 CSEG                 Address F Local     SERCHN
F355 62293 CSEG                 Address F Local     SERCH1
F35E 62302 CSEG                 Address F Local     SERCH2
F37E 62334 CSEG                 Address F Local     SERCH3
F387 62343 CSEG                 Address F Local     SERCH4
F38E 62350 CSEG                 Address F Local     SERCH5
F39F 62367 CSEG                 Address F Local     SERCH6
F3A7 62375 CSEG                 Address F Local     DELETE
F3AF 62383 CSEG                 Address F Local     DELET1
F3C9 62409 CSEG                 Address F Local     WRSUB
F3CB 62411 CSEG                 Address F Local     WRSUB1
F3DC 62428 CSEG                 Address F Local     WRSUB2
F3F7 62455 CSEG                 Address F Local     WRSUB3
F3FF 62463 CSEG                 Address F Local     WRSUB4
F408 62472 CSEG                 Address F Local     MAKESR
F40C 62476 CSEG                 Address F Local     MAKES1
F41B 62491 CSEG                 Address F Local     MAKES2
F421 62497 CSEG                 Address F Local     RENAME
F432 62514 CSEG                 Address F Local     RENAM1
F446 62534 CSEG                 Address F Local     ATTRIB
F44B 62539 CSEG                 Address F Local     ATTRB1
F45C 62556 CSEG                 Address F Local     OPENF
F465 62565 CSEG                 Address F Local     OPENF1
F496 62614 CSEG                 Address F Local     OPENF2
F49F 62623 CSEG                 Address F Local     CLOSE8
F4AD 62637 CSEG                 Address F Local     CLOSEF
F4D8 62680 CSEG                 Address F Local     CLOSE1
F4E6 62694 CSEG                 Address F Local     CLOSE2
F4EC 62700 CSEG                 Address F Local     CLOSE3
F4F3 62707 CSEG                 Address F Local     CLOSE4
F508 62728 CSEG                 Address F Local     CLOSE5
F522 62754 CSEG                 Address F Local     CLOSE6
F52A 62762 CSEG                 Address F Local     CLOSE7
F52F 62767 CSEG                 Address F Local     MAKEF
F551 62801 CSEG                 Address F Local     MAKEF1

SYMBOL ADDR                                                           Page: 14
------------------------------------------------------------------------------

HEX    DEC SEGMENT              SOURCE    SCOPE     NAME
---- ----- -------------------- --------- --------- ----
F565 62821 CSEG                 Address F Local     OPNNXT
F58E 62862 CSEG                 Address F Local     OPNXT1
F599 62873 CSEG                 Address F Local     OPNXT2
F5B7 62903 CSEG                 Address F Local     OPNXT3
F5BA 62906 CSEG                 Address F Local     OPNXT4
F5C1 62913 CSEG                 Address F Local     OPNXT5
F5C7 62919 CSEG                 Address F Local     RDSEQ
F5CC 62924 CSEG                 Address F Local     RDSEQ1
F5F1 62961 CSEG                 Address F Local     RDSEQ2
F606 62982 CSEG                 Address F Local     RDSEQ3
F609 62985 CSEG                 Address F Local     WRSEQ
F60E 62990 CSEG                 Address F Local     WRSEQ1
F646 63046 CSEG                 Address F Local     WRSEQ2
F653 63059 CSEG                 Address F Local     WRSEQ3
F66F 63087 CSEG                 Address F Local     WRSEQ4
F677 63095 CSEG                 Address F Local     WRSEQ5
F679 63097 CSEG                 Address F Local     WRSEQ6
F697 63127 CSEG                 Address F Local     WRSEQ7
F6A5 63141 CSEG                 Address F Local     WRSEQ8
F6C6 63174 CSEG                 Address F Local     WRSEQ9
F6DD 63197 CSEG                 Address F Local     WRSE10
F709 63241 CSEG                 Address F Local     WRSE11
F70B 63243 CSEG                 Address F Local     WRSE12
F70E 63246 CSEG                 Address F Local     SETRND
F712 63250 CSEG                 Address F Local     SETRN1
F752 63314 CSEG                 Address F Local     SETRN2
F78A 63370 CSEG                 Address F Local     SETRN3
F78F 63375 CSEG                 Address F Local     SETRN4
F796 63382 CSEG                 Address F Local     SETRN5
F79E 63390 CSEG                 Address F Local     RDRAND
F7A7 63399 CSEG                 Address F Local     WRRAND
F7B0 63408 CSEG                 Address F Local     RNDPAR
F7DD 63453 CSEG                 Address F Local     FSIZE
F7EF 63471 CSEG                 Address F Local     FSIZE1
F811 63505 CSEG                 Address F Local     FSIZE2
F817 63511 CSEG                 Address F Local     FSIZE3
F819 63513 CSEG                 Address F Local     COM36
F82C 63532 CSEG                 Address F Local     LOGIN
F850 63568 CSEG                 Address F Local     COM14
F85C 63580 CSEG                 Address F Local     SETUP
F880 63616 CSEG                 Address F Local     SETUP1
F889 63625 CSEG                 Address F Local     COM12
F88E 63630 CSEG                 Address F Local     COM13
F8A7 63655 CSEG                 Address F Local     COM15
F8B0 63664 CSEG                 Address F Local     COM16
F8B6 63670 CSEG                 Address F Local     COM17
F8CD 63693 CSEG                 Address F Local     COM17A
F8D3 63699 CSEG                 Address F Local     COM18
F8E2 63714 CSEG                 Address F Local     COM19
F8EB 63723 CSEG                 Address F Local     COM20
F8F1 63729 CSEG                 Address F Local     COM21
F8F7 63735 CSEG                 Address F Local     COM22
F900 63744 CSEG                 Address F Local     COM23

SYMBOL ADDR                                                           Page: 15
------------------------------------------------------------------------------

HEX    DEC SEGMENT              SOURCE    SCOPE     NAME
---- ----- -------------------- --------- --------- ----
F909 63753 CSEG                 Address F Local     COM24
F90F 63759 CSEG                 Address F Local     COM25
F915 63765 CSEG                 Address F Local     COM26
F91C 63772 CSEG                 Address F Local     COM27
F922 63778 CSEG                 Address F Local     COM29
F928 63784 CSEG                 Address F Local     COM30
F931 63793 CSEG                 Address F Local     COM31
F934 63796 CSEG                 Address F Local     COM31A
F938 63800 CSEG                 Address F Local     COM32
F946 63814 CSEG                 Address F Local     SETUSR
F94C 63820 CSEG                 Address F Local     COM33
F952 63826 CSEG                 Address F Local     COM34
F958 63832 CSEG                 Address F Local     COM35
F95E 63838 CSEG                 Address F Local     COM37
F97F 63871 CSEG                 Address F Local     BDOS2
F99C 63900 CSEG                 Address F Local     BDOS3
F9A6 63910 CSEG                 Address F Local     COM40
F9B7 63927 CSEG                 Address F Local     DMYFCB
F9B8 63928 CSEG                 Address F Local     ROWORD
F9BA 63930 CSEG                 Address F Local     LOGVEC
F9BC 63932 CSEG                 Address F Local     CURDMA
F9BE 63934 CSEG                 Address F Local     DWORD1
F9C0 63936 CSEG                 Address F Local     DWORD2
F9C2 63938 CSEG                 Address F Local     DWORD3
F9C4 63940 CSEG                 Address F Local     DIRBPT
F9C6 63942 CSEG                 Address F Local     DPBLK
F9C8 63944 CSEG                 Address F Local     DIRCRC
F9CA 63946 CSEG                 Address F Local     DALLOC
F9CC 63948 CSEG                 Address F Local     SECTRS
F9CE 63950 CSEG                 Address F Local     BLSHFT
F9CF 63951 CSEG                 Address F Local     BLMASK
F9D0 63952 CSEG                 Address F Local     NLMASK
F9D1 63953 CSEG                 Address F Local     DSKSIZ
F9D3 63955 CSEG                 Address F Local     DIRMAX
F9D5 63957 CSEG                 Address F Local     ALLOC0
F9D7 63959 CSEG                 Address F Local     CHKSIZ
F9D9 63961 CSEG                 Address F Local     DIRTRK
F9DB 63963 CSEG                 Address F Local     SECTBL
F9DD 63965 CSEG                 Address F Local     MAKEFL
F9DE 63966 CSEG                 Address F Local     RDWRFL
F9DF 63967 CSEG                 Address F Local     SRCHFL
F9E0 63968 CSEG                 Address F Local     SERNFL
F9E1 63969 CSEG                 Address F Local     PARAM1
F9E2 63970 CSEG                 Address F Local     BLKOFF
F9E3 63971 CSEG                 Address F Local     SRCHCT
F9E4 63972 CSEG                 Address F Local     SRCHFP
F9E8 63976 CSEG                 Address F Local     BIGDSK
F9E9 63977 CSEG                 Address F Local     SETUPF
F9EA 63978 CSEG                 Address F Local     LOGDSK
F9EB 63979 CSEG                 Address F Local     DISKNO
F9EC 63980 CSEG                 Address F Local     RECCTR
F9ED 63981 CSEG                 Address F Local     EXTCTR
F9EE 63982 CSEG                 Address F Local     CURREC

SYMBOL ADDR                                                           Page: 16
------------------------------------------------------------------------------

HEX    DEC SEGMENT              SOURCE    SCOPE     NAME
---- ----- -------------------- --------- --------- ----
F9F0 63984 CSEG                 Address F Local     SCNTR1
F9F2 63986 CSEG                 Address F Local     SCNTR2
F9F4 63988 CSEG                 Address F Local     DIROFF
F9F5 63989 CSEG                 Address F Local     BLCTR1
F9F7 63991 CSEG                 Address F Local     BLCTR2
FA00 64000 CSEG                 Address F Local    *CBOOT
FA03 64003 CSEG                 Address F Local     WBOOT
FA06 64006 CSEG                 Address F Local     CONST
FA09 64009 CSEG                 Address F Local     CONIN
FA0C 64012 CSEG                 Address F Local     CONOUT
FA0F 64015 CSEG                 Address F Local     LIST
FA12 64018 CSEG                 Address F Local     PUNCH
FA15 64021 CSEG                 Address F Local     READER
FA18 64024 CSEG                 Address F Local     HOME
FA1B 64027 CSEG                 Address F Local     SELDSK
FA1E 64030 CSEG                 Address F Local     SETTRK
FA21 64033 CSEG                 Address F Local     SETSEC
FA24 64036 CSEG                 Address F Local     SETDMA
FA27 64039 CSEG                 Address F Local     READ
FA2A 64042 CSEG                 Address F Local     WRITE
FA2D 64045 CSEG                 Address F Local    *LISTST
FA30 64048 CSEG                 Address F Local     SECTRN
FA33 64051 CSEG                 Address F Local    *FINISH
